 exon.app

 Timestamp is 5bd5be7f (Sun Oct 28 14:49:51 2018)

 Preferred load address is 0000000140000000

 Start         Length     Name                   Class
 0001:00000000 0001e130H .text$mn                CODE
 0001:0001e130 00000020H .text$mn$00             CODE
 0001:0001e150 000008fdH .text$x                 CODE
 0002:00000000 000005a0H .idata$5                DATA
 0002:000005a0 00000010H .00cfg                  DATA
 0002:000005b0 00000008H .CRT$XCA                DATA
 0002:000005b8 00000008H .CRT$XCAA               DATA
 0002:000005c0 00000008H .CRT$XCZ                DATA
 0002:000005c8 00000008H .CRT$XIA                DATA
 0002:000005d0 00000008H .CRT$XIAA               DATA
 0002:000005d8 00000008H .CRT$XIAC               DATA
 0002:000005e0 00000008H .CRT$XIZ                DATA
 0002:000005e8 00000008H .CRT$XPA                DATA
 0002:000005f0 00000008H .CRT$XPZ                DATA
 0002:000005f8 00000008H .CRT$XTA                DATA
 0002:00000600 00000010H .CRT$XTZ                DATA
 0002:00000608 00000000H .gfids$y                DATA
 0002:00000610 000097d0H .rdata                  DATA
 0002:00009de0 000001f4H .rdata$r                DATA
 0002:00009fd4 0000032cH .rdata$zzzdbg           DATA
 0002:0000a300 00000008H .rtc$IAA                DATA
 0002:0000a308 00000008H .rtc$IZZ                DATA
 0002:0000a310 00000008H .rtc$TAA                DATA
 0002:0000a318 00000008H .rtc$TZZ                DATA
 0002:0000a320 00001d58H .xdata                  DATA
 0002:0000c078 000000ecH .xdata$x                DATA
 0002:0000c164 00000000H .edata                  DATA
 0002:0000c164 0000008cH .idata$2                DATA
 0002:0000c1f0 00000018H .idata$3                DATA
 0002:0000c208 000005a0H .idata$4                DATA
 0002:0000c7a8 00000c92H .idata$6                DATA
 0003:00000000 00000468H .data                   DATA
 0003:00000468 000000b8H .data$r                 DATA
 0003:00000520 000037a4H .bss                    DATA
 0004:00000000 000019d4H .pdata                  DATA
 0005:00000000 000001b1H .msvcjmc                DATA
 0006:00000000 00000060H .rsrc$01                DATA
 0006:00000060 00000180H .rsrc$02                DATA

  Address         Publics by Value              Rva+Base               Lib:Object

 0000:00000000       __guard_fids_table         0000000000000000     <absolute>
 0000:00000000       __guard_iat_table          0000000000000000     <absolute>
 0000:00000000       __enclave_config           0000000000000000     <absolute>
 0000:00000000       __guard_longjmp_table      0000000000000000     <absolute>
 0000:00000000       __guard_longjmp_count      0000000000000000     <absolute>
 0000:00000000       __hybrid_auxiliary_iat     0000000000000000     <absolute>
 0000:00000000       __hybrid_code_map_count    0000000000000000     <absolute>
 0000:00000000       __dynamic_value_reloc_table 0000000000000000     <absolute>
 0000:00000000       ___safe_se_handler_count   0000000000000000     <absolute>
 0000:00000000       __guard_iat_count          0000000000000000     <absolute>
 0000:00000000       __hybrid_code_map          0000000000000000     <absolute>
 0000:00000000       __guard_fids_count         0000000000000000     <absolute>
 0000:00000000       ___safe_se_handler_table   0000000000000000     <absolute>
 0000:00000000       __volatile_metadata        0000000000000000     <absolute>
 0000:00000100       __guard_flags              0000000000000100     <absolute>
 0000:00000000       __ImageBase                0000000140000000     <linker-defined>
 0001:00000000       ?framebuffer_size_callback@@YAXPEAUGLFWwindow@@HH@Z 0000000140001000 f   main.obj
 0001:00000040       ?processInput@@YAXPEAUGLFWwindow@@@Z 0000000140001040 f   main.obj
 0001:00000090       main                       0000000140001090 f   main.obj
 0001:000007b0       ??$_Allocate_manually_vector_aligned@U_Default_allocate_traits@std@@@std@@YAPEAX_K@Z 00000001400017b0 f i main.obj
 0001:000008d0       ??$_Range_construct_or_tidy@PEBM@?$vector@MV?$allocator@M@std@@@std@@AEAAXPEBM0Uforward_iterator_tag@1@@Z 00000001400018d0 f i main.obj
 0001:00000970       ??$_Range_construct_or_tidy@PEBQEAVShader@ogl@exon@@@?$vector@PEAVShader@ogl@exon@@V?$allocator@PEAVShader@ogl@exon@@@std@@@std@@AEAAXPEBQEAVShader@ogl@exon@@0Uforward_iterator_tag@1@@Z 0000000140001970 f i main.obj
 0001:00000a10       ??$_Range_construct_or_tidy@PEBVAttribute@Geometry@ogl@exon@@@?$vector@VAttribute@Geometry@ogl@exon@@V?$allocator@VAttribute@Geometry@ogl@exon@@@std@@@std@@AEAAXPEBVAttribute@Geometry@ogl@exon@@0Uforward_iterator_tag@1@@Z 0000000140001a10 f i main.obj
 0001:00000ab0       ??$_Reallocate_for@V<lambda_66f57f934f28d61049862f64df852ff0>@@PEBD@?$basic_string@DU?$char_traits@D@std@@V?$allocator@D@2@@std@@QEAAAEAV01@_KV<lambda_66f57f934f28d61049862f64df852ff0>@@PEBD@Z 0000000140001ab0 f i main.obj
 0001:00000c90       ??$_Uninitialized_copy@PEBMPEAMV?$allocator@M@std@@@std@@YAPEAMQEBM0PEAMAEAV?$allocator@M@0@@Z 0000000140001c90 f i main.obj
 0001:00000d90       ??$_Uninitialized_copy@PEBQEAVShader@ogl@exon@@PEAPEAV123@V?$allocator@PEAVShader@ogl@exon@@@std@@@std@@YAPEAPEAVShader@ogl@exon@@QEBQEAV123@0PEAPEAV123@AEAV?$allocator@PEAVShader@ogl@exon@@@0@@Z 0000000140001d90 f i main.obj
 0001:00000e90       ??$_Uninitialized_copy@PEBVAttribute@Geometry@ogl@exon@@PEAV1234@V?$allocator@VAttribute@Geometry@ogl@exon@@@std@@@std@@YAPEAVAttribute@Geometry@ogl@exon@@QEBV1234@0PEAV1234@AEAV?$allocator@VAttribute@Geometry@ogl@exon@@@0@@Z 0000000140001e90 f i main.obj
 0001:00000fa0       ??0?$_String_alloc@U?$_String_base_types@DV?$allocator@D@std@@@std@@@std@@QEAA@XZ 0000000140001fa0 f i main.obj
 0001:00001010       ??0?$basic_string@DU?$char_traits@D@std@@V?$allocator@D@2@@std@@QEAA@QEBD@Z 0000000140002010 f i main.obj
 0001:000010a0       ??0?$vector@MV?$allocator@M@std@@@std@@QEAA@V?$initializer_list@M@1@AEBV?$allocator@M@1@@Z 00000001400020a0 f i main.obj
 0001:00001160       ??0?$vector@PEAVShader@ogl@exon@@V?$allocator@PEAVShader@ogl@exon@@@std@@@std@@QEAA@V?$initializer_list@PEAVShader@ogl@exon@@@1@AEBV?$allocator@PEAVShader@ogl@exon@@@1@@Z 0000000140002160 f i main.obj
 0001:00001220       ??0?$vector@VAttribute@Geometry@ogl@exon@@V?$allocator@VAttribute@Geometry@ogl@exon@@@std@@@std@@QEAA@V?$initializer_list@VAttribute@Geometry@ogl@exon@@@1@AEBV?$allocator@VAttribute@Geometry@ogl@exon@@@1@@Z 0000000140002220 f i main.obj
 0001:000012e0       ??1?$_Compressed_pair@V?$allocator@D@std@@V?$_String_val@U?$_Simple_types@D@std@@@2@$00@std@@QEAA@XZ 00000001400022e0 f i main.obj
 0001:00001300       ??1?$_String_alloc@U?$_String_base_types@DV?$allocator@D@std@@@std@@@std@@QEAA@XZ 0000000140002300 f i main.obj
 0001:00001340       ??1?$_String_val@U?$_Simple_types@D@std@@@std@@QEAA@XZ 0000000140002340 f i main.obj
 0001:00001360       ??1?$_Vector_alloc@U?$_Vec_base_types@MV?$allocator@M@std@@@std@@@std@@QEAA@XZ 0000000140002360 f i main.obj
 0001:00001390       ??1?$_Vector_alloc@U?$_Vec_base_types@PEAVShader@ogl@exon@@V?$allocator@PEAVShader@ogl@exon@@@std@@@std@@@std@@QEAA@XZ 0000000140002390 f i main.obj
 0001:000013c0       ??1?$_Vector_alloc@U?$_Vec_base_types@VAttribute@Geometry@ogl@exon@@V?$allocator@VAttribute@Geometry@ogl@exon@@@std@@@std@@@std@@QEAA@XZ 00000001400023c0 f i main.obj
 0001:000013f0       ??1?$basic_string@DU?$char_traits@D@std@@V?$allocator@D@2@@std@@QEAA@XZ 00000001400023f0 f i main.obj
 0001:00001440       ??1?$vector@MV?$allocator@M@std@@@std@@QEAA@XZ 0000000140002440 f i main.obj
 0001:00001480       ??1?$vector@PEAVShader@ogl@exon@@V?$allocator@PEAVShader@ogl@exon@@@std@@@std@@QEAA@XZ 0000000140002480 f i main.obj
 0001:000014c0       ??1?$vector@VAttribute@Geometry@ogl@exon@@V?$allocator@VAttribute@Geometry@ogl@exon@@@std@@@std@@QEAA@XZ 00000001400024c0 f i main.obj
 0001:00001500       ??1_Bxty@?$_String_val@U?$_Simple_types@D@std@@@std@@QEAA@XZ 0000000140002500 f i main.obj
 0001:00001530       ?_Adjust_manually_vector_aligned@std@@YAXAEAPEAXAEA_K@Z 0000000140002530 f i main.obj
 0001:000016d0       ?_Alloc_proxy@?$_String_alloc@U?$_String_base_types@DV?$allocator@D@std@@@std@@@std@@QEAAXXZ 00000001400026d0 f i main.obj
 0001:00001760       ?_Alloc_proxy@?$_Vector_alloc@U?$_Vec_base_types@MV?$allocator@M@std@@@std@@@std@@QEAAXXZ 0000000140002760 f i main.obj
 0001:000017f0       ?_Alloc_proxy@?$_Vector_alloc@U?$_Vec_base_types@PEAVShader@ogl@exon@@V?$allocator@PEAVShader@ogl@exon@@@std@@@std@@@std@@QEAAXXZ 00000001400027f0 f i main.obj
 0001:00001880       ?_Alloc_proxy@?$_Vector_alloc@U?$_Vec_base_types@VAttribute@Geometry@ogl@exon@@V?$allocator@VAttribute@Geometry@ogl@exon@@@std@@@std@@@std@@QEAAXXZ 0000000140002880 f i main.obj
 0001:00001910       ?_Buy@?$vector@MV?$allocator@M@std@@@std@@AEAA_N_K@Z 0000000140002910 f i main.obj
 0001:00001a20       ?_Buy@?$vector@PEAVShader@ogl@exon@@V?$allocator@PEAVShader@ogl@exon@@@std@@@std@@AEAA_N_K@Z 0000000140002a20 f i main.obj
 0001:00001b30       ?_Buy@?$vector@VAttribute@Geometry@ogl@exon@@V?$allocator@VAttribute@Geometry@ogl@exon@@@std@@@std@@AEAA_N_K@Z 0000000140002b30 f i main.obj
 0001:00001c40       ?_Calculate_growth@?$basic_string@DU?$char_traits@D@std@@V?$allocator@D@2@@std@@QEBA_K_K@Z 0000000140002c40 f i main.obj
 0001:00001d30       ?_Free_proxy@?$_String_alloc@U?$_String_base_types@DV?$allocator@D@std@@@std@@@std@@QEAAXXZ 0000000140002d30 f i main.obj
 0001:00001dc0       ?_Free_proxy@?$_Vector_alloc@U?$_Vec_base_types@MV?$allocator@M@std@@@std@@@std@@QEAAXXZ 0000000140002dc0 f i main.obj
 0001:00001e50       ?_Free_proxy@?$_Vector_alloc@U?$_Vec_base_types@PEAVShader@ogl@exon@@V?$allocator@PEAVShader@ogl@exon@@@std@@@std@@@std@@QEAAXXZ 0000000140002e50 f i main.obj
 0001:00001ee0       ?_Free_proxy@?$_Vector_alloc@U?$_Vec_base_types@VAttribute@Geometry@ogl@exon@@V?$allocator@VAttribute@Geometry@ogl@exon@@@std@@@std@@@std@@QEAAXXZ 0000000140002ee0 f i main.obj
 0001:00001f70       ?_Orphan_all@_Container_base12@std@@QEAAXXZ 0000000140002f70 f i main.obj
 0001:00002010       ?_Tidy@?$vector@MV?$allocator@M@std@@@std@@AEAAXXZ 0000000140003010 f i main.obj
 0001:00002110       ?_Tidy@?$vector@PEAVShader@ogl@exon@@V?$allocator@PEAVShader@ogl@exon@@@std@@@std@@AEAAXXZ 0000000140003110 f i main.obj
 0001:00002210       ?_Tidy@?$vector@VAttribute@Geometry@ogl@exon@@V?$allocator@VAttribute@Geometry@ogl@exon@@@std@@@std@@AEAAXXZ 0000000140003210 f i main.obj
 0001:00002310       ?_Tidy_deallocate@?$basic_string@DU?$char_traits@D@std@@V?$allocator@D@2@@std@@QEAAXXZ 0000000140003310 f i main.obj
 0001:00002410       ?_Tidy_init@?$basic_string@DU?$char_traits@D@std@@V?$allocator@D@2@@std@@QEAAXXZ 0000000140003410 f i main.obj
 0001:00002470       ?_Xlen@?$basic_string@DU?$char_traits@D@std@@V?$allocator@D@2@@std@@SAXXZ 0000000140003470 f i main.obj
 0001:000024a0       ?_Xlength@?$vector@MV?$allocator@M@std@@@std@@CAXXZ 00000001400034a0 f i main.obj
 0001:000024d0       ?_Xlength@?$vector@PEAVShader@ogl@exon@@V?$allocator@PEAVShader@ogl@exon@@@std@@@std@@CAXXZ 00000001400034d0 f i main.obj
 0001:00002500       ?_Xlength@?$vector@VAttribute@Geometry@ogl@exon@@V?$allocator@VAttribute@Geometry@ogl@exon@@@std@@@std@@CAXXZ 0000000140003500 f i main.obj
 0001:00002530       ?allocate@?$allocator@M@std@@QEAAPEAM_K@Z 0000000140003530 f i main.obj
 0001:000025d0       ?allocate@?$allocator@PEAVShader@ogl@exon@@@std@@QEAAPEAPEAVShader@ogl@exon@@_K@Z 00000001400035d0 f i main.obj
 0001:00002670       ?allocate@?$allocator@U_Container_proxy@std@@@std@@QEAAPEAU_Container_proxy@2@_K@Z 0000000140003670 f i main.obj
 0001:00002710       ?allocate@?$allocator@VAttribute@Geometry@ogl@exon@@@std@@QEAAPEAVAttribute@Geometry@ogl@exon@@_K@Z 0000000140003710 f i main.obj
 0001:000027b0       ?assign@?$basic_string@DU?$char_traits@D@std@@V?$allocator@D@2@@std@@QEAAAEAV12@QEBD_K@Z 00000001400037b0 f i main.obj
 0001:000028c0       ?c_str@?$basic_string@DU?$char_traits@D@std@@V?$allocator@D@2@@std@@QEBAPEBDXZ 00000001400038c0 f i main.obj
 0001:00002940       ?max_size@?$basic_string@DU?$char_traits@D@std@@V?$allocator@D@2@@std@@QEBA_KXZ 0000000140003940 f i main.obj
 0001:00002a00       __JustMyCode_Default       0000000140003a00 f i main.obj
 0001:00002a10       ??0Geometry@ogl@exon@@QEAA@AEBV?$vector@MV?$allocator@M@std@@@std@@IAEBV?$vector@VAttribute@Geometry@ogl@exon@@V?$allocator@VAttribute@Geometry@ogl@exon@@@std@@@4@@Z 0000000140003a10 f   geometry.obj
 0001:00002c30       ??1Geometry@ogl@exon@@UEAA@XZ 0000000140003c30 f   geometry.obj
 0001:00002cf0       ?Bind@Geometry@ogl@exon@@QEAAXXZ 0000000140003cf0 f   geometry.obj
 0001:00002d20       ?Unbind@Geometry@ogl@exon@@QEAAXXZ 0000000140003d20 f   geometry.obj
 0001:00002d50       ?Draw@Geometry@ogl@exon@@QEAAXXZ 0000000140003d50 f   geometry.obj
 0001:00002d80       ??$_Uninitialized_copy@PEAMPEAMV?$allocator@M@std@@@std@@YAPEAMQEAM0PEAMAEAV?$allocator@M@0@@Z 0000000140003d80 f i geometry.obj
 0001:00002e80       ??$_Uninitialized_copy@PEAVAttribute@Geometry@ogl@exon@@PEAV1234@V?$allocator@VAttribute@Geometry@ogl@exon@@@std@@@std@@YAPEAVAttribute@Geometry@ogl@exon@@QEAV1234@0PEAV1234@AEAV?$allocator@VAttribute@Geometry@ogl@exon@@@0@@Z 0000000140003e80 f i geometry.obj
 0001:00002f90       ??0?$vector@MV?$allocator@M@std@@@std@@QEAA@AEBV01@@Z 0000000140003f90 f i geometry.obj
 0001:000030a0       ??0?$vector@VAttribute@Geometry@ogl@exon@@V?$allocator@VAttribute@Geometry@ogl@exon@@@std@@@std@@QEAA@AEBV01@@Z 00000001400040a0 f i geometry.obj
 0001:000031c0       ??A?$vector@VAttribute@Geometry@ogl@exon@@V?$allocator@VAttribute@Geometry@ogl@exon@@@std@@@std@@QEAAAEAVAttribute@Geometry@ogl@exon@@_K@Z 00000001400041c0 f i geometry.obj
 0001:00003290       ??_GGeometry@ogl@exon@@UEAAPEAXI@Z 0000000140004290 f i geometry.obj
 0001:00003290       ??_EGeometry@ogl@exon@@UEAAPEAXI@Z 0000000140004290 f i geometry.obj
 0001:000032d0       ?CheckErrors@ogl@exon@@YAXXZ 00000001400042d0 f   ogl.obj
 0001:00003400       ??0Program@ogl@exon@@QEAA@AEBV?$vector@PEAVShader@ogl@exon@@V?$allocator@PEAVShader@ogl@exon@@@std@@@std@@@Z 0000000140004400 f   program.obj
 0001:00003570       ??1Program@ogl@exon@@UEAA@XZ 0000000140004570 f   program.obj
 0001:000035e0       ?Bind@Program@ogl@exon@@QEAAXXZ 00000001400045e0 f   program.obj
 0001:00003610       ??$_Uninitialized_copy@PEAPEAVShader@ogl@exon@@PEAPEAV123@V?$allocator@PEAVShader@ogl@exon@@@std@@@std@@YAPEAPEAVShader@ogl@exon@@QEAPEAV123@0PEAPEAV123@AEAV?$allocator@PEAVShader@ogl@exon@@@0@@Z 0000000140004610 f i program.obj
 0001:00003710       ??0?$vector@PEAVShader@ogl@exon@@V?$allocator@PEAVShader@ogl@exon@@@std@@@std@@QEAA@AEBV01@@Z 0000000140004710 f i program.obj
 0001:00003820       ??_GProgram@ogl@exon@@UEAAPEAXI@Z 0000000140004820 f i program.obj
 0001:00003820       ??_EProgram@ogl@exon@@UEAAPEAXI@Z 0000000140004820 f i program.obj
 0001:00003860       ??0Shader@ogl@exon@@QEAA@IPEBDH@Z 0000000140004860 f   shader.obj
 0001:00003970       ??1Shader@ogl@exon@@UEAA@XZ 0000000140004970 f   shader.obj
 0001:000039c0       ??0VertexShader@ogl@exon@@QEAA@PEBDH@Z 00000001400049c0 f   shader.obj
 0001:00003a30       ??1VertexShader@ogl@exon@@UEAA@XZ 0000000140004a30 f   shader.obj
 0001:00003a80       ??0FragmentShader@ogl@exon@@QEAA@PEBDH@Z 0000000140004a80 f   shader.obj
 0001:00003af0       ??1FragmentShader@ogl@exon@@UEAA@XZ 0000000140004af0 f   shader.obj
 0001:00003b30       ??_GFragmentShader@ogl@exon@@UEAAPEAXI@Z 0000000140004b30 f i shader.obj
 0001:00003b30       ??_EFragmentShader@ogl@exon@@UEAAPEAXI@Z 0000000140004b30 f i shader.obj
 0001:00003b70       ??_EShader@ogl@exon@@UEAAPEAXI@Z 0000000140004b70 f i shader.obj
 0001:00003b70       ??_GShader@ogl@exon@@UEAAPEAXI@Z 0000000140004b70 f i shader.obj
 0001:00003bb0       ??_EVertexShader@ogl@exon@@UEAAPEAXI@Z 0000000140004bb0 f i shader.obj
 0001:00003bb0       ??_GVertexShader@ogl@exon@@UEAAPEAXI@Z 0000000140004bb0 f i shader.obj
 0001:00003bf0       ??0Vertex@ogl@exon@@QEAA@_KV?$vector@VAttribute@Vertex@ogl@exon@@V?$allocator@VAttribute@Vertex@ogl@exon@@@std@@@std@@@Z 0000000140004bf0 f   vertex.obj
 0001:00003c80       ?Bind@Vertex@ogl@exon@@QEAAXXZ 0000000140004c80 f   vertex.obj
 0001:00003ca0       ??$_Uninitialized_copy@PEAVAttribute@Vertex@ogl@exon@@PEAV1234@V?$allocator@VAttribute@Vertex@ogl@exon@@@std@@@std@@YAPEAVAttribute@Vertex@ogl@exon@@QEAV1234@0PEAV1234@AEAV?$allocator@VAttribute@Vertex@ogl@exon@@@0@@Z 0000000140004ca0 f i vertex.obj
 0001:00003db0       ??0?$vector@VAttribute@Vertex@ogl@exon@@V?$allocator@VAttribute@Vertex@ogl@exon@@@std@@@std@@QEAA@AEBV01@@Z 0000000140004db0 f i vertex.obj
 0001:00003ed0       ??1?$_Vector_alloc@U?$_Vec_base_types@VAttribute@Vertex@ogl@exon@@V?$allocator@VAttribute@Vertex@ogl@exon@@@std@@@std@@@std@@QEAA@XZ 0000000140004ed0 f i vertex.obj
 0001:00003f00       ??1?$vector@VAttribute@Vertex@ogl@exon@@V?$allocator@VAttribute@Vertex@ogl@exon@@@std@@@std@@QEAA@XZ 0000000140004f00 f i vertex.obj
 0001:00003f40       ?_Alloc_proxy@?$_Vector_alloc@U?$_Vec_base_types@VAttribute@Vertex@ogl@exon@@V?$allocator@VAttribute@Vertex@ogl@exon@@@std@@@std@@@std@@QEAAXXZ 0000000140004f40 f i vertex.obj
 0001:00003fd0       ?_Buy@?$vector@VAttribute@Vertex@ogl@exon@@V?$allocator@VAttribute@Vertex@ogl@exon@@@std@@@std@@AEAA_N_K@Z 0000000140004fd0 f i vertex.obj
 0001:000040e0       ?_Free_proxy@?$_Vector_alloc@U?$_Vec_base_types@VAttribute@Vertex@ogl@exon@@V?$allocator@VAttribute@Vertex@ogl@exon@@@std@@@std@@@std@@QEAAXXZ 00000001400050e0 f i vertex.obj
 0001:00004170       ?_Tidy@?$vector@VAttribute@Vertex@ogl@exon@@V?$allocator@VAttribute@Vertex@ogl@exon@@@std@@@std@@AEAAXXZ 0000000140005170 f i vertex.obj
 0001:00004270       ?_Xlength@?$vector@VAttribute@Vertex@ogl@exon@@V?$allocator@VAttribute@Vertex@ogl@exon@@@std@@@std@@CAXXZ 0000000140005270 f i vertex.obj
 0001:000042a0       ?allocate@?$allocator@VAttribute@Vertex@ogl@exon@@@std@@QEAAPEAVAttribute@Vertex@ogl@exon@@_K@Z 00000001400052a0 f i vertex.obj
 0001:00004340       gladLoadGL                 0000000140005340 f   extern.glad:glad.obj
 0001:00004390       gladLoadGLLoader           0000000140005390 f   extern.glad:glad.obj
 0001:00009c00       __local_stdio_scanf_options 000000014000ac00 f i extern.glad:glad.obj
 0001:00009c20       sscanf_s                   000000014000ac20 f i extern.glad:glad.obj
 0001:00009cc0       glfwInit                   000000014000acc0 f   extern.glfw:init.obj
 0001:00009d50       glfwTerminate              000000014000ad50 f   extern.glfw:init.obj
 0001:00009e70       glfwGetVersion             000000014000ae70 f   extern.glfw:init.obj
 0001:00009ee0       glfwGetVersionString       000000014000aee0 f   extern.glfw:init.obj
 0001:00009f00       glfwSetErrorCallback       000000014000af00 f   extern.glfw:init.obj
 0001:00009f50       _glfwInputError            000000014000af50 f   extern.glfw:init.obj
 0001:0000a1a0       __local_stdio_printf_options 000000014000b1a0 f i extern.glfw:init.obj
 0001:0000a1c0       glfwDefaultWindowHints     000000014000b1c0 f   extern.glfw:window.obj
 0001:0000a2c0       glfwWindowHint             000000014000b2c0 f   extern.glfw:window.obj
 0001:0000a790       glfwCreateWindow           000000014000b790 f   extern.glfw:window.obj
 0001:0000ab20       glfwDestroyWindow          000000014000bb20 f   extern.glfw:window.obj
 0001:0000abf0       glfwWindowShouldClose      000000014000bbf0 f   extern.glfw:window.obj
 0001:0000ac60       glfwSetWindowShouldClose   000000014000bc60 f   extern.glfw:window.obj
 0001:0000ace0       glfwSetWindowTitle         000000014000bce0 f   extern.glfw:window.obj
 0001:0000ad80       glfwSetWindowIcon          000000014000bd80 f   extern.glfw:window.obj
 0001:0000ae50       glfwGetWindowPos           000000014000be50 f   extern.glfw:window.obj
 0001:0000af00       glfwSetWindowPos           000000014000bf00 f   extern.glfw:window.obj
 0001:0000af90       glfwGetWindowSize          000000014000bf90 f   extern.glfw:window.obj
 0001:0000b040       glfwSetWindowSizeLimits    000000014000c040 f   extern.glfw:window.obj
 0001:0000b1b0       glfwSetWindowAspectRatio   000000014000c1b0 f   extern.glfw:window.obj
 0001:0000b2a0       glfwSetWindowSize          000000014000c2a0 f   extern.glfw:window.obj
 0001:0000b340       glfwGetFramebufferSize     000000014000c340 f   extern.glfw:window.obj
 0001:0000b3f0       glfwGetWindowFrameSize     000000014000c3f0 f   extern.glfw:window.obj
 0001:0000b4e0       glfwIconifyWindow          000000014000c4e0 f   extern.glfw:window.obj
 0001:0000b550       glfwRestoreWindow          000000014000c550 f   extern.glfw:window.obj
 0001:0000b5c0       glfwMaximizeWindow         000000014000c5c0 f   extern.glfw:window.obj
 0001:0000b630       glfwShowWindow             000000014000c630 f   extern.glfw:window.obj
 0001:0000b6c0       glfwHideWindow             000000014000c6c0 f   extern.glfw:window.obj
 0001:0000b740       glfwFocusWindow            000000014000c740 f   extern.glfw:window.obj
 0001:0000b7b0       glfwGetWindowMonitor       000000014000c7b0 f   extern.glfw:window.obj
 0001:0000b820       glfwSetWindowMonitor       000000014000c820 f   extern.glfw:window.obj
 0001:0000b980       glfwGetWindowAttrib        000000014000c980 f   extern.glfw:window.obj
 0001:0000bbd0       glfwSetWindowUserPointer   000000014000cbd0 f   extern.glfw:window.obj
 0001:0000bc50       glfwGetWindowUserPointer   000000014000cc50 f   extern.glfw:window.obj
 0001:0000bcc0       glfwSetWindowPosCallback   000000014000ccc0 f   extern.glfw:window.obj
 0001:0000bd60       glfwSetWindowSizeCallback  000000014000cd60 f   extern.glfw:window.obj
 0001:0000be00       glfwSetWindowCloseCallback 000000014000ce00 f   extern.glfw:window.obj
 0001:0000bea0       glfwSetWindowRefreshCallback 000000014000cea0 f   extern.glfw:window.obj
 0001:0000bf40       glfwSetWindowFocusCallback 000000014000cf40 f   extern.glfw:window.obj
 0001:0000bfe0       glfwSetWindowIconifyCallback 000000014000cfe0 f   extern.glfw:window.obj
 0001:0000c080       glfwSetFramebufferSizeCallback 000000014000d080 f   extern.glfw:window.obj
 0001:0000c120       glfwPollEvents             000000014000d120 f   extern.glfw:window.obj
 0001:0000c160       glfwWaitEvents             000000014000d160 f   extern.glfw:window.obj
 0001:0000c1b0       glfwWaitEventsTimeout      000000014000d1b0 f   extern.glfw:window.obj
 0001:0000c240       glfwPostEmptyEvent         000000014000d240 f   extern.glfw:window.obj
 0001:0000c290       _glfwInputWindowFocus      000000014000d290 f   extern.glfw:window.obj
 0001:0000c3a0       _glfwInputWindowPos        000000014000d3a0 f   extern.glfw:window.obj
 0001:0000c400       _glfwInputWindowSize       000000014000d400 f   extern.glfw:window.obj
 0001:0000c460       _glfwInputFramebufferSize  000000014000d460 f   extern.glfw:window.obj
 0001:0000c4c0       _glfwInputWindowIconify    000000014000d4c0 f   extern.glfw:window.obj
 0001:0000c510       _glfwInputWindowDamage     000000014000d510 f   extern.glfw:window.obj
 0001:0000c550       _glfwInputWindowCloseRequest 000000014000d550 f   extern.glfw:window.obj
 0001:0000c5a0       _glfwInputWindowMonitorChange 000000014000d5a0 f   extern.glfw:window.obj
 0001:0000c5d0       glfwGetInputMode           000000014000d5d0 f   extern.glfw:input.obj
 0001:0000c6a0       glfwSetInputMode           000000014000d6a0 f   extern.glfw:input.obj
 0001:0000c910       glfwGetKeyName             000000014000d910 f   extern.glfw:input.obj
 0001:0000c960       glfwGetKey                 000000014000d960 f   extern.glfw:input.obj
 0001:0000ca30       glfwGetMouseButton         000000014000da30 f   extern.glfw:input.obj
 0001:0000cb00       glfwGetCursorPos           000000014000db00 f   extern.glfw:input.obj
 0001:0000cc00       glfwSetCursorPos           000000014000dc00 f   extern.glfw:input.obj
 0001:0000cd60       glfwCreateCursor           000000014000dd60 f   extern.glfw:input.obj
 0001:0000ce30       glfwCreateStandardCursor   000000014000de30 f   extern.glfw:input.obj
 0001:0000cf20       glfwDestroyCursor          000000014000df20 f   extern.glfw:input.obj
 0001:0000d010       glfwSetCursor              000000014000e010 f   extern.glfw:input.obj
 0001:0000d0b0       glfwSetKeyCallback         000000014000e0b0 f   extern.glfw:input.obj
 0001:0000d150       glfwSetCharCallback        000000014000e150 f   extern.glfw:input.obj
 0001:0000d1f0       glfwSetCharModsCallback    000000014000e1f0 f   extern.glfw:input.obj
 0001:0000d290       glfwSetMouseButtonCallback 000000014000e290 f   extern.glfw:input.obj
 0001:0000d330       glfwSetCursorPosCallback   000000014000e330 f   extern.glfw:input.obj
 0001:0000d3d0       glfwSetCursorEnterCallback 000000014000e3d0 f   extern.glfw:input.obj
 0001:0000d470       glfwSetScrollCallback      000000014000e470 f   extern.glfw:input.obj
 0001:0000d510       glfwSetDropCallback        000000014000e510 f   extern.glfw:input.obj
 0001:0000d5b0       glfwJoystickPresent        000000014000e5b0 f   extern.glfw:input.obj
 0001:0000d620       glfwGetJoystickAxes        000000014000e620 f   extern.glfw:input.obj
 0001:0000d6d0       glfwGetJoystickButtons     000000014000e6d0 f   extern.glfw:input.obj
 0001:0000d780       glfwGetJoystickName        000000014000e780 f   extern.glfw:input.obj
 0001:0000d7f0       glfwSetJoystickCallback    000000014000e7f0 f   extern.glfw:input.obj
 0001:0000d850       glfwSetClipboardString     000000014000e850 f   extern.glfw:input.obj
 0001:0000d8f0       glfwGetClipboardString     000000014000e8f0 f   extern.glfw:input.obj
 0001:0000d970       glfwGetTime                000000014000e970 f   extern.glfw:input.obj
 0001:0000da00       glfwSetTime                000000014000ea00 f   extern.glfw:input.obj
 0001:0000db00       glfwGetTimerValue          000000014000eb00 f   extern.glfw:input.obj
 0001:0000db40       glfwGetTimerFrequency      000000014000eb40 f   extern.glfw:input.obj
 0001:0000db80       _glfwInputKey              000000014000eb80 f   extern.glfw:input.obj
 0001:0000dc90       _glfwInputChar             000000014000ec90 f   extern.glfw:input.obj
 0001:0000dd30       _glfwInputScroll           000000014000ed30 f   extern.glfw:input.obj
 0001:0000dd90       _glfwInputMouseClick       000000014000ed90 f   extern.glfw:input.obj
 0001:0000de40       _glfwInputCursorPos        000000014000ee40 f   extern.glfw:input.obj
 0001:0000def0       _glfwInputCursorEnter      000000014000eef0 f   extern.glfw:input.obj
 0001:0000df40       _glfwInputDrop             000000014000ef40 f   extern.glfw:input.obj
 0001:0000dfa0       _glfwInputJoystickChange   000000014000efa0 f   extern.glfw:input.obj
 0001:0000dfe0       _glfwIsPrintable           000000014000efe0 f   extern.glfw:input.obj
 0001:0000e040       glfwMakeContextCurrent     000000014000f040 f   extern.glfw:context.obj
 0001:0000e100       glfwGetCurrentContext      000000014000f100 f   extern.glfw:context.obj
 0001:0000e140       glfwSwapBuffers            000000014000f140 f   extern.glfw:context.obj
 0001:0000e1e0       glfwSwapInterval           000000014000f1e0 f   extern.glfw:context.obj
 0001:0000e250       glfwExtensionSupported     000000014000f250 f   extern.glfw:context.obj
 0001:0000e410       glfwGetProcAddress         000000014000f410 f   extern.glfw:context.obj
 0001:0000e4a0       _glfwStringInExtensionString 000000014000f4a0 f   extern.glfw:context.obj
 0001:0000e580       _glfwChooseFBConfig        000000014000f580 f   extern.glfw:context.obj
 0001:0000ea40       _glfwRefreshContextAttribs 000000014000fa40 f   extern.glfw:context.obj
 0001:0000f0c0       _glfwIsValidContextConfig  00000001400100c0 f   extern.glfw:context.obj
 0001:0000f3b0       sscanf                     00000001400103b0 f i extern.glfw:context.obj
 0001:0000f440       _glfwCreateWideStringFromUTF8Win32 0000000140010440 f   extern.glfw:win32_init.obj
 0001:0000f500       _glfwCreateUTF8FromWideStringWin32 0000000140010500 f   extern.glfw:win32_init.obj
 0001:0000f5e0       _glfwPlatformInit          00000001400105e0 f   extern.glfw:win32_init.obj
 0001:0000f6b0       _glfwPlatformTerminate     00000001400106b0 f   extern.glfw:win32_init.obj
 0001:0000f730       _glfwPlatformGetVersionString 0000000140010730 f   extern.glfw:win32_init.obj
 0001:00010830       _glfwSetVideoModeWin32     0000000140011830 f   extern.glfw:win32_monitor.obj
 0001:000109c0       _glfwRestoreVideoModeWin32 00000001400119c0 f   extern.glfw:win32_monitor.obj
 0001:00010a30       _glfwPlatformGetMonitors   0000000140011a30 f   extern.glfw:win32_monitor.obj
 0001:00010d10       _glfwPlatformIsSameMonitor 0000000140011d10 f   extern.glfw:win32_monitor.obj
 0001:00010e10       _glfwPlatformGetMonitorPos 0000000140011e10 f   extern.glfw:win32_monitor.obj
 0001:00010ee0       _glfwPlatformGetVideoModes 0000000140011ee0 f   extern.glfw:win32_monitor.obj
 0001:00011160       _glfwPlatformGetVideoMode  0000000140012160 f   extern.glfw:win32_monitor.obj
 0001:00011260       _glfwPlatformGetGammaRamp  0000000140012260 f   extern.glfw:win32_monitor.obj
 0001:00011370       _glfwPlatformSetGammaRamp  0000000140012370 f   extern.glfw:win32_monitor.obj
 0001:00011750       glfwGetWin32Adapter        0000000140012750 f   extern.glfw:win32_monitor.obj
 0001:000117a0       glfwGetWin32Monitor        00000001400127a0 f   extern.glfw:win32_monitor.obj
 0001:000117f0       _glfwInitTimerWin32        00000001400127f0 f   extern.glfw:win32_time.obj
 0001:00011850       _glfwPlatformGetTimerValue 0000000140012850 f   extern.glfw:win32_time.obj
 0001:00011890       _glfwPlatformGetTimerFrequency 0000000140012890 f   extern.glfw:win32_time.obj
 0001:000118b0       glfwGetMonitors            00000001400128b0 f   extern.glfw:monitor.obj
 0001:00011930       glfwGetPrimaryMonitor      0000000140012930 f   extern.glfw:monitor.obj
 0001:00011990       glfwGetMonitorPos          0000000140012990 f   extern.glfw:monitor.obj
 0001:00011a40       glfwGetMonitorPhysicalSize 0000000140012a40 f   extern.glfw:monitor.obj
 0001:00011b10       glfwGetMonitorName         0000000140012b10 f   extern.glfw:monitor.obj
 0001:00011b80       glfwSetMonitorCallback     0000000140012b80 f   extern.glfw:monitor.obj
 0001:00011be0       glfwGetVideoModes          0000000140012be0 f   extern.glfw:monitor.obj
 0001:00011cb0       glfwGetVideoMode           0000000140012cb0 f   extern.glfw:monitor.obj
 0001:00011d40       glfwSetGamma               0000000140012d40 f   extern.glfw:monitor.obj
 0001:00011ef0       glfwGetGammaRamp           0000000140012ef0 f   extern.glfw:monitor.obj
 0001:00011f90       glfwSetGammaRamp           0000000140012f90 f   extern.glfw:monitor.obj
 0001:000120f0       _glfwInputMonitorChange    00000001400130f0 f   extern.glfw:monitor.obj
 0001:000123b0       _glfwInputMonitorWindowChange 00000001400133b0 f   extern.glfw:monitor.obj
 0001:000123f0       _glfwChooseVideoMode       00000001400133f0 f   extern.glfw:monitor.obj
 0001:00012620       _glfwCompareVideoModes     0000000140013620 f   extern.glfw:monitor.obj
 0001:00012660       _glfwSplitBPP              0000000140013660 f   extern.glfw:monitor.obj
 0001:00012710       _glfwAllocGammaArrays      0000000140013710 f   extern.glfw:monitor.obj
 0001:00012790       _glfwFreeGammaArrays       0000000140013790 f   extern.glfw:monitor.obj
 0001:000127f0       _glfwAllocMonitor          00000001400137f0 f   extern.glfw:monitor.obj
 0001:00012860       _glfwFreeMonitor           0000000140013860 f   extern.glfw:monitor.obj
 0001:000128e0       _glfwFreeMonitors          00000001400138e0 f   extern.glfw:monitor.obj
 0001:00012ad0       glfwVulkanSupported        0000000140013ad0 f   extern.glfw:vulkan.obj
 0001:00012b10       glfwGetRequiredInstanceExtensions 0000000140013b10 f   extern.glfw:vulkan.obj
 0001:00012b90       _glfwInitVulkan            0000000140013b90 f   extern.glfw:vulkan.obj
 0001:00012f20       _glfwTerminateVulkan       0000000140013f20 f   extern.glfw:vulkan.obj
 0001:00012fa0       _glfwGetVulkanResultString 0000000140013fa0 f   extern.glfw:vulkan.obj
 0001:000131b0       glfwGetInstanceProcAddress 00000001400141b0 f   extern.glfw:vulkan.obj
 0001:00013250       glfwGetPhysicalDevicePresentationSupport 0000000140014250 f   extern.glfw:vulkan.obj
 0001:000132f0       glfwCreateWindowSurface    00000001400142f0 f   extern.glfw:vulkan.obj
 0001:000133f0       _glfwRegisterWindowClassWin32 00000001400143f0 f   extern.glfw:win32_window.obj
 0001:00013510       _glfwUnregisterWindowClassWin32 0000000140014510 f   extern.glfw:win32_window.obj
 0001:00013550       _glfwPlatformGetCursorPos  0000000140014550 f   extern.glfw:win32_window.obj
 0001:000135d0       _glfwPlatformSetCursorPos  00000001400145d0 f   extern.glfw:win32_window.obj
 0001:00013660       _glfwPlatformSetCursorMode 0000000140014660 f   extern.glfw:win32_window.obj
 0001:00013720       _glfwPlatformGetKeyName    0000000140014720 f   extern.glfw:win32_window.obj
 0001:00013820       _glfwPlatformSetClipboardString 0000000140014820 f   extern.glfw:win32_window.obj
 0001:00013990       _glfwPlatformGetClipboardString 0000000140014990 f   extern.glfw:win32_window.obj
 0001:00013aa0       _glfwPlatformCreateWindow  0000000140014aa0 f   extern.glfw:win32_window.obj
 0001:00013ba0       _glfwPlatformDestroyWindow 0000000140014ba0 f   extern.glfw:win32_window.obj
 0001:00013ca0       _glfwPlatformSetWindowTitle 0000000140014ca0 f   extern.glfw:win32_window.obj
 0001:00013d20       _glfwPlatformSetWindowIcon 0000000140014d20 f   extern.glfw:win32_window.obj
 0001:00013ef0       _glfwPlatformGetWindowPos  0000000140014ef0 f   extern.glfw:win32_window.obj
 0001:00013f70       _glfwPlatformSetWindowPos  0000000140014f70 f   extern.glfw:win32_window.obj
 0001:00014040       _glfwPlatformGetWindowSize 0000000140015040 f   extern.glfw:win32_window.obj
 0001:000140d0       _glfwPlatformSetWindowSize 00000001400150d0 f   extern.glfw:win32_window.obj
 0001:000141e0       _glfwPlatformSetWindowSizeLimits 00000001400151e0 f   extern.glfw:win32_window.obj
 0001:000142b0       _glfwPlatformSetWindowAspectRatio 00000001400152b0 f   extern.glfw:win32_window.obj
 0001:00014380       _glfwPlatformGetFramebufferSize 0000000140015380 f   extern.glfw:win32_window.obj
 0001:000143c0       _glfwPlatformGetWindowFrameSize 00000001400153c0 f   extern.glfw:win32_window.obj
 0001:000144e0       _glfwPlatformIconifyWindow 00000001400154e0 f   extern.glfw:win32_window.obj
 0001:00014520       _glfwPlatformRestoreWindow 0000000140015520 f   extern.glfw:win32_window.obj
 0001:00014560       _glfwPlatformMaximizeWindow 0000000140015560 f   extern.glfw:win32_window.obj
 0001:000145a0       _glfwPlatformShowWindow    00000001400155a0 f   extern.glfw:win32_window.obj
 0001:000145e0       _glfwPlatformHideWindow    00000001400155e0 f   extern.glfw:win32_window.obj
 0001:00014620       _glfwPlatformFocusWindow   0000000140015620 f   extern.glfw:win32_window.obj
 0001:00014680       _glfwPlatformSetWindowMonitor 0000000140015680 f   extern.glfw:win32_window.obj
 0001:00014ab0       _glfwPlatformWindowFocused 0000000140015ab0 f   extern.glfw:win32_window.obj
 0001:00014b00       _glfwPlatformWindowIconified 0000000140015b00 f   extern.glfw:win32_window.obj
 0001:00014b40       _glfwPlatformWindowVisible 0000000140015b40 f   extern.glfw:win32_window.obj
 0001:00014b80       _glfwPlatformWindowMaximized 0000000140015b80 f   extern.glfw:win32_window.obj
 0001:00014bc0       _glfwPlatformPollEvents    0000000140015bc0 f   extern.glfw:win32_window.obj
 0001:00014dc0       _glfwPlatformWaitEvents    0000000140015dc0 f   extern.glfw:win32_window.obj
 0001:00014df0       _glfwPlatformWaitEventsTimeout 0000000140015df0 f   extern.glfw:win32_window.obj
 0001:00014e50       _glfwPlatformPostEmptyEvent 0000000140015e50 f   extern.glfw:win32_window.obj
 0001:00014ea0       _glfwPlatformCreateCursor  0000000140015ea0 f   extern.glfw:win32_window.obj
 0001:00014f10       _glfwPlatformCreateStandardCursor 0000000140015f10 f   extern.glfw:win32_window.obj
 0001:00014f80       _glfwPlatformDestroyCursor 0000000140015f80 f   extern.glfw:win32_window.obj
 0001:00014fc0       _glfwPlatformSetCursor     0000000140015fc0 f   extern.glfw:win32_window.obj
 0001:00015000       _glfwPlatformGetRequiredInstanceExtensions 0000000140016000 f   extern.glfw:win32_window.obj
 0001:000150a0       _glfwPlatformGetPhysicalDevicePresentationSupport 00000001400160a0 f   extern.glfw:win32_window.obj
 0001:00015110       _glfwPlatformCreateWindowSurface 0000000140016110 f   extern.glfw:win32_window.obj
 0001:00017350       glfwGetWin32Window         0000000140018350 f   extern.glfw:win32_window.obj
 0001:000173a0       _glfwInitThreadLocalStorageWin32 00000001400183a0 f   extern.glfw:win32_tls.obj
 0001:00017400       _glfwTerminateThreadLocalStorageWin32 0000000140018400 f   extern.glfw:win32_tls.obj
 0001:00017430       _glfwPlatformSetCurrentContext 0000000140018430 f   extern.glfw:win32_tls.obj
 0001:00017470       _glfwPlatformGetCurrentContext 0000000140018470 f   extern.glfw:win32_tls.obj
 0001:000174a0       _glfwInitJoysticksWin32    00000001400184a0 f   extern.glfw:win32_joystick.obj
 0001:00017510       _glfwTerminateJoysticksWin32 0000000140018510 f   extern.glfw:win32_joystick.obj
 0001:00017590       _glfwDetectJoystickConnectionWin32 0000000140018590 f   extern.glfw:win32_joystick.obj
 0001:00017630       _glfwDetectJoystickDisconnectionWin32 0000000140018630 f   extern.glfw:win32_joystick.obj
 0001:00017690       _glfwPlatformJoystickPresent 0000000140018690 f   extern.glfw:win32_joystick.obj
 0001:000176e0       _glfwPlatformGetJoystickAxes 00000001400186e0 f   extern.glfw:win32_joystick.obj
 0001:00017750       _glfwPlatformGetJoystickButtons 0000000140018750 f   extern.glfw:win32_joystick.obj
 0001:000177c0       _glfwPlatformGetJoystickName 00000001400187c0 f   extern.glfw:win32_joystick.obj
 0001:00018d90       _glfwInitWGL               0000000140019d90 f   extern.glfw:wgl_context.obj
 0001:00018ea0       _glfwTerminateWGL          0000000140019ea0 f   extern.glfw:wgl_context.obj
 0001:00018ee0       _glfwCreateContextWGL      0000000140019ee0 f   extern.glfw:wgl_context.obj
 0001:0001a380       glfwGetWGLContext          000000014001b380 f   extern.glfw:wgl_context.obj
 0001:0001a3f0       _glfwInitEGL               000000014001b3f0 f   extern.glfw:egl_context.obj
 0001:0001a850       _glfwTerminateEGL          000000014001b850 f   extern.glfw:egl_context.obj
 0001:0001a8b0       _glfwCreateContextEGL      000000014001b8b0 f   extern.glfw:egl_context.obj
 0001:0001b9c0       glfwGetEGLDisplay          000000014001c9c0 f   extern.glfw:egl_context.obj
 0001:0001ba00       glfwGetEGLContext          000000014001ca00 f   extern.glfw:egl_context.obj
 0001:0001ba70       glfwGetEGLSurface          000000014001ca70 f   extern.glfw:egl_context.obj
 0001:0001bad7       OutputDebugStringA         000000014001cad7 f   kernel32:KERNEL32.dll
 0001:0001badd       FreeLibrary                000000014001cadd f   kernel32:KERNEL32.dll
 0001:0001bae3       GetProcAddress             000000014001cae3 f   kernel32:KERNEL32.dll
 0001:0001bae9       LoadLibraryW               000000014001cae9 f   kernel32:KERNEL32.dll
 0001:0001baef       GetModuleHandleW           000000014001caef f   kernel32:KERNEL32.dll
 0001:0001baf5       LoadLibraryA               000000014001caf5 f   kernel32:KERNEL32.dll
 0001:0001bafb       MultiByteToWideChar        000000014001cafb f   kernel32:KERNEL32.dll
 0001:0001bb01       WideCharToMultiByte        000000014001cb01 f   kernel32:KERNEL32.dll
 0001:0001bb07       QueryPerformanceCounter    000000014001cb07 f   kernel32:KERNEL32.dll
 0001:0001bb0d       QueryPerformanceFrequency  000000014001cb0d f   kernel32:KERNEL32.dll
 0001:0001bb13       GlobalAlloc                000000014001cb13 f   kernel32:KERNEL32.dll
 0001:0001bb19       GlobalUnlock               000000014001cb19 f   kernel32:KERNEL32.dll
 0001:0001bb1f       GlobalLock                 000000014001cb1f f   kernel32:KERNEL32.dll
 0001:0001bb25       GlobalFree                 000000014001cb25 f   kernel32:KERNEL32.dll
 0001:0001bb2b       TlsAlloc                   000000014001cb2b f   kernel32:KERNEL32.dll
 0001:0001bb31       TlsGetValue                000000014001cb31 f   kernel32:KERNEL32.dll
 0001:0001bb37       TlsSetValue                000000014001cb37 f   kernel32:KERNEL32.dll
 0001:0001bb3d       TlsFree                    000000014001cb3d f   kernel32:KERNEL32.dll
 0001:0001bb43       GetLastError               000000014001cb43 f   kernel32:KERNEL32.dll
 0001:0001bb49       RegisterDeviceNotificationW 000000014001cb49 f   user32:USER32.dll
 0001:0001bb4f       CreateWindowExW            000000014001cb4f f   user32:USER32.dll
 0001:0001bb55       DestroyWindow              000000014001cb55 f   user32:USER32.dll
 0001:0001bb5b       ShowWindow                 000000014001cb5b f   user32:USER32.dll
 0001:0001bb61       SystemParametersInfoW      000000014001cb61 f   user32:USER32.dll
 0001:0001bb67       ChangeDisplaySettingsExW   000000014001cb67 f   user32:USER32.dll
 0001:0001bb6d       EnumDisplaySettingsW       000000014001cb6d f   user32:USER32.dll
 0001:0001bb73       EnumDisplaySettingsExW     000000014001cb73 f   user32:USER32.dll
 0001:0001bb79       EnumDisplayDevicesW        000000014001cb79 f   user32:USER32.dll
 0001:0001bb7f       TrackMouseEvent            000000014001cb7f f   user32:USER32.dll
 0001:0001bb85       TranslateMessage           000000014001cb85 f   user32:USER32.dll
 0001:0001bb8b       DispatchMessageW           000000014001cb8b f   user32:USER32.dll
 0001:0001bb91       PeekMessageW               000000014001cb91 f   user32:USER32.dll
 0001:0001bb97       GetMessageTime             000000014001cb97 f   user32:USER32.dll
 0001:0001bb9d       SendMessageW               000000014001cb9d f   user32:USER32.dll
 0001:0001bba3       PostMessageW               000000014001cba3 f   user32:USER32.dll
 0001:0001bba9       WaitMessage                000000014001cba9 f   user32:USER32.dll
 0001:0001bbaf       DefWindowProcW             000000014001cbaf f   user32:USER32.dll
 0001:0001bbb5       UnregisterClassW           000000014001cbb5 f   user32:USER32.dll
 0001:0001bbbb       RegisterClassExW           000000014001cbbb f   user32:USER32.dll
 0001:0001bbc1       MoveWindow                 000000014001cbc1 f   user32:USER32.dll
 0001:0001bbc7       SetWindowPos               000000014001cbc7 f   user32:USER32.dll
 0001:0001bbcd       IsWindowVisible            000000014001cbcd f   user32:USER32.dll
 0001:0001bbd3       IsIconic                   000000014001cbd3 f   user32:USER32.dll
 0001:0001bbd9       BringWindowToTop           000000014001cbd9 f   user32:USER32.dll
 0001:0001bbdf       IsZoomed                   000000014001cbdf f   user32:USER32.dll
 0001:0001bbe5       OpenClipboard              000000014001cbe5 f   user32:USER32.dll
 0001:0001bbeb       CloseClipboard             000000014001cbeb f   user32:USER32.dll
 0001:0001bbf1       SetClipboardData           000000014001cbf1 f   user32:USER32.dll
 0001:0001bbf7       GetClipboardData           000000014001cbf7 f   user32:USER32.dll
 0001:0001bbfd       EmptyClipboard             000000014001cbfd f   user32:USER32.dll
 0001:0001bc03       SetFocus                   000000014001cc03 f   user32:USER32.dll
 0001:0001bc09       GetActiveWindow            000000014001cc09 f   user32:USER32.dll
 0001:0001bc0f       GetKeyState                000000014001cc0f f   user32:USER32.dll
 0001:0001bc15       GetAsyncKeyState           000000014001cc15 f   user32:USER32.dll
 0001:0001bc1b       GetKeyNameTextW            000000014001cc1b f   user32:USER32.dll
 0001:0001bc21       SetCapture                 000000014001cc21 f   user32:USER32.dll
 0001:0001bc27       ReleaseCapture             000000014001cc27 f   user32:USER32.dll
 0001:0001bc2d       MsgWaitForMultipleObjects  000000014001cc2d f   user32:USER32.dll
 0001:0001bc33       GetSystemMetrics           000000014001cc33 f   user32:USER32.dll
 0001:0001bc39       SetForegroundWindow        000000014001cc39 f   user32:USER32.dll
 0001:0001bc3f       GetDC                      000000014001cc3f f   user32:USER32.dll
 0001:0001bc45       ReleaseDC                  000000014001cc45 f   user32:USER32.dll
 0001:0001bc4b       SetPropW                   000000014001cc4b f   user32:USER32.dll
 0001:0001bc51       GetPropW                   000000014001cc51 f   user32:USER32.dll
 0001:0001bc57       RemovePropW                000000014001cc57 f   user32:USER32.dll
 0001:0001bc5d       SetWindowTextW             000000014001cc5d f   user32:USER32.dll
 0001:0001bc63       GetClientRect              000000014001cc63 f   user32:USER32.dll
 0001:0001bc69       GetWindowRect              000000014001cc69 f   user32:USER32.dll
 0001:0001bc6f       AdjustWindowRectEx         000000014001cc6f f   user32:USER32.dll
 0001:0001bc75       SetCursorPos               000000014001cc75 f   user32:USER32.dll
 0001:0001bc7b       SetCursor                  000000014001cc7b f   user32:USER32.dll
 0001:0001bc81       GetCursorPos               000000014001cc81 f   user32:USER32.dll
 0001:0001bc87       ClientToScreen             000000014001cc87 f   user32:USER32.dll
 0001:0001bc8d       ScreenToClient             000000014001cc8d f   user32:USER32.dll
 0001:0001bc93       WindowFromPoint            000000014001cc93 f   user32:USER32.dll
 0001:0001bc99       ClipCursor                 000000014001cc99 f   user32:USER32.dll
 0001:0001bc9f       SetRect                    000000014001cc9f f   user32:USER32.dll
 0001:0001bca5       PtInRect                   000000014001cca5 f   user32:USER32.dll
 0001:0001bcab       GetWindowLongW             000000014001ccab f   user32:USER32.dll
 0001:0001bcb1       SetWindowLongW             000000014001ccb1 f   user32:USER32.dll
 0001:0001bcb7       GetClassLongPtrW           000000014001ccb7 f   user32:USER32.dll
 0001:0001bcbd       LoadCursorW                000000014001ccbd f   user32:USER32.dll
 0001:0001bcc3       DestroyIcon                000000014001ccc3 f   user32:USER32.dll
 0001:0001bcc9       LoadImageW                 000000014001ccc9 f   user32:USER32.dll
 0001:0001bccf       CreateIconIndirect         000000014001cccf f   user32:USER32.dll
 0001:0001bcd5       CopyIcon                   000000014001ccd5 f   user32:USER32.dll
 0001:0001bcdb       GetRawInputDeviceInfoA     000000014001ccdb f   user32:USER32.dll
 0001:0001bce1       GetRawInputDeviceList      000000014001cce1 f   user32:USER32.dll
 0001:0001bce7       CreateDCW                  000000014001cce7 f   gdi32:GDI32.dll
 0001:0001bced       DeleteDC                   000000014001cced f   gdi32:GDI32.dll
 0001:0001bcf3       GetDeviceCaps              000000014001ccf3 f   gdi32:GDI32.dll
 0001:0001bcf9       GetDeviceGammaRamp         000000014001ccf9 f   gdi32:GDI32.dll
 0001:0001bcff       SetDeviceGammaRamp         000000014001ccff f   gdi32:GDI32.dll
 0001:0001bd05       CreateBitmap               000000014001cd05 f   gdi32:GDI32.dll
 0001:0001bd0b       DeleteObject               000000014001cd0b f   gdi32:GDI32.dll
 0001:0001bd11       CreateDIBSection           000000014001cd11 f   gdi32:GDI32.dll
 0001:0001bd17       ChoosePixelFormat          000000014001cd17 f   gdi32:GDI32.dll
 0001:0001bd1d       DescribePixelFormat        000000014001cd1d f   gdi32:GDI32.dll
 0001:0001bd23       SetPixelFormat             000000014001cd23 f   gdi32:GDI32.dll
 0001:0001bd29       SwapBuffers                000000014001cd29 f   gdi32:GDI32.dll
 0001:0001bd2f       DragQueryFileW             000000014001cd2f f   shell32:SHELL32.dll
 0001:0001bd35       DragQueryPoint             000000014001cd35 f   shell32:SHELL32.dll
 0001:0001bd3b       DragFinish                 000000014001cd3b f   shell32:SHELL32.dll
 0001:0001bd41       DragAcceptFiles            000000014001cd41 f   shell32:SHELL32.dll
 0001:0001bd47       ??0_Lockit@std@@QEAA@H@Z   000000014001cd47 f   msvcprtd:MSVCP140D.dll
 0001:0001bd4d       ??1_Lockit@std@@QEAA@XZ    000000014001cd4d f   msvcprtd:MSVCP140D.dll
 0001:0001bd53       ?_Xlength_error@std@@YAXPEBD@Z 000000014001cd53 f   msvcprtd:MSVCP140D.dll
 0001:0001bd60       ??2@YAPEAX_K@Z             000000014001cd60 f   MSVCRTD:new_scalar.obj
 0001:0001bdb0       ??3@YAXPEAX_K@Z            000000014001cdb0 f   MSVCRTD:delete_scalar_size.obj
 0001:0001bdd0       __CheckForDebuggerJustMyCode 000000014001cdd0 f   MSVCRTD:debugger_jmc.obj
 0001:0001be10       __GSHandlerCheck_EH        000000014001ce10 f   MSVCRTD:gshandlereh.obj
 0001:0001bed0       __security_check_cookie    000000014001ced0 f   MSVCRTD:_amdsecgs_.obj
 0001:0001bf00       __GSHandlerCheck           000000014001cf00 f   MSVCRTD:_gshandler_.obj
 0001:0001bf40       __GSHandlerCheckCommon     000000014001cf40 f   MSVCRTD:_gshandler_.obj
 0001:0001c2f0       ?configure_argv@__scrt_narrow_argv_policy@@SAHXZ 000000014001d2f0 f i MSVCRTD:exe_main.obj
 0001:0001c310       ?initialize_environment@__scrt_narrow_environment_policy@@SAHXZ 000000014001d310 f i MSVCRTD:exe_main.obj
 0001:0001c360       ?set_app_type@__scrt_main_policy@@SAXXZ 000000014001d360 f i MSVCRTD:exe_main.obj
 0001:0001c380       ?set_commode@__scrt_file_policy@@SAXXZ 000000014001d380 f i MSVCRTD:exe_main.obj
 0001:0001c3a0       ?set_fmode@__scrt_file_policy@@SAXXZ 000000014001d3a0 f i MSVCRTD:exe_main.obj
 0001:0001c3c0       mainCRTStartup             000000014001d3c0 f   MSVCRTD:exe_main.obj
 0001:0001c3d0       __raise_securityfailure    000000014001d3d0 f   MSVCRTD:gs_report.obj
 0001:0001c410       __report_gsfailure         000000014001d410 f   MSVCRTD:gs_report.obj
 0001:0001c4f0       __report_rangecheckfailure 000000014001d4f0 f   MSVCRTD:gs_report.obj
 0001:0001c510       __report_securityfailure   000000014001d510 f   MSVCRTD:gs_report.obj
 0001:0001c5b0       __report_securityfailureEx 000000014001d5b0 f   MSVCRTD:gs_report.obj
 0001:0001c830       _alloca_probe              000000014001d830 f   MSVCRTD:_chkstk_.obj
 0001:0001c830       __chkstk                   000000014001d830 f   MSVCRTD:_chkstk_.obj
 0001:0001c890       ??0bad_alloc@std@@AEAA@QEBD@Z 000000014001d890 f i MSVCRTD:throw_bad_alloc.obj
 0001:0001c8d0       ??0bad_alloc@std@@QEAA@AEBV01@@Z 000000014001d8d0 f i MSVCRTD:throw_bad_alloc.obj
 0001:0001c910       ??0bad_alloc@std@@QEAA@XZ  000000014001d910 f i MSVCRTD:throw_bad_alloc.obj
 0001:0001c950       ??0bad_array_new_length@std@@QEAA@AEBV01@@Z 000000014001d950 f i MSVCRTD:throw_bad_alloc.obj
 0001:0001c990       ??0bad_array_new_length@std@@QEAA@XZ 000000014001d990 f i MSVCRTD:throw_bad_alloc.obj
 0001:0001c9d0       ??0exception@std@@QEAA@AEBV01@@Z 000000014001d9d0 f i MSVCRTD:throw_bad_alloc.obj
 0001:0001ca30       ??0exception@std@@QEAA@QEBDH@Z 000000014001da30 f i MSVCRTD:throw_bad_alloc.obj
 0001:0001ca80       ??1bad_alloc@std@@UEAA@XZ  000000014001da80 f i MSVCRTD:throw_bad_alloc.obj
 0001:0001caa0       ??1bad_array_new_length@std@@UEAA@XZ 000000014001daa0 f i MSVCRTD:throw_bad_alloc.obj
 0001:0001cac0       ??1exception@std@@UEAA@XZ  000000014001dac0 f i MSVCRTD:throw_bad_alloc.obj
 0001:0001caf0       ??_Ebad_alloc@std@@UEAAPEAXI@Z 000000014001daf0 f i MSVCRTD:throw_bad_alloc.obj
 0001:0001caf0       ??_Gbad_alloc@std@@UEAAPEAXI@Z 000000014001daf0 f i MSVCRTD:throw_bad_alloc.obj
 0001:0001cb30       ??_Ebad_array_new_length@std@@UEAAPEAXI@Z 000000014001db30 f i MSVCRTD:throw_bad_alloc.obj
 0001:0001cb30       ??_Gbad_array_new_length@std@@UEAAPEAXI@Z 000000014001db30 f i MSVCRTD:throw_bad_alloc.obj
 0001:0001cb70       ??_Gexception@std@@UEAAPEAXI@Z 000000014001db70 f i MSVCRTD:throw_bad_alloc.obj
 0001:0001cb70       ??_Eexception@std@@UEAAPEAXI@Z 000000014001db70 f i MSVCRTD:throw_bad_alloc.obj
 0001:0001cbb0       ?__scrt_throw_std_bad_alloc@@YAXXZ 000000014001dbb0 f   MSVCRTD:throw_bad_alloc.obj
 0001:0001cbe0       ?__scrt_throw_std_bad_array_new_length@@YAXXZ 000000014001dbe0 f   MSVCRTD:throw_bad_alloc.obj
 0001:0001cc10       ?what@exception@std@@UEBAPEBDXZ 000000014001dc10 f i MSVCRTD:throw_bad_alloc.obj
 0001:0001cc50       ??3@YAXPEAX@Z              000000014001dc50 f   MSVCRTD:delete_scalar.obj
 0001:0001cc70       ??$__crt_fast_decode_pointer@PEAP6AXXZ@@YAPEAP6AXXZQEAP6AXXZ@Z 000000014001dc70 f i MSVCRTD:utility.obj
 0001:0001ccb0       ??$__crt_fast_encode_pointer@PEAP6AXXZ@@YAPEAP6AXXZQEAP6AXXZ@Z 000000014001dcb0 f i MSVCRTD:utility.obj
 0001:0001ccf0       ?__crt_rotate_pointer_value@@YA_K_KH@Z 000000014001dcf0 f i MSVCRTD:utility.obj
 0001:0001ce70       NtCurrentTeb               000000014001de70 f i MSVCRTD:utility.obj
 0001:0001ce80       __scrt_acquire_startup_lock 000000014001de80 f   MSVCRTD:utility.obj
 0001:0001cef0       __scrt_dllmain_after_initialize_c 000000014001def0 f   MSVCRTD:utility.obj
 0001:0001cf20       __scrt_dllmain_before_initialize_c 000000014001df20 f   MSVCRTD:utility.obj
 0001:0001cf40       __scrt_dllmain_crt_thread_attach 000000014001df40 f   MSVCRTD:utility.obj
 0001:0001cf70       __scrt_dllmain_crt_thread_detach 000000014001df70 f   MSVCRTD:utility.obj
 0001:0001cf90       __scrt_dllmain_exception_filter 000000014001df90 f   MSVCRTD:utility.obj
 0001:0001cff0       __scrt_dllmain_uninitialize_c 000000014001dff0 f   MSVCRTD:utility.obj
 0001:0001d020       __scrt_dllmain_uninitialize_critical 000000014001e020 f   MSVCRTD:utility.obj
 0001:0001d040       __scrt_initialize_crt      000000014001e040 f   MSVCRTD:utility.obj
 0001:0001d090       __scrt_initialize_onexit_tables 000000014001e090 f   MSVCRTD:utility.obj
 0001:0001d1a0       __scrt_is_nonwritable_in_current_image 000000014001e1a0 f   MSVCRTD:utility.obj
 0001:0001d230       __scrt_release_startup_lock 000000014001e230 f   MSVCRTD:utility.obj
 0001:0001d260       __scrt_uninitialize_crt    000000014001e260 f   MSVCRTD:utility.obj
 0001:0001d2a0       _onexit                    000000014001e2a0 f   MSVCRTD:utility.obj
 0001:0001d330       at_quick_exit              000000014001e330 f   MSVCRTD:utility.obj
 0001:0001d380       atexit                     000000014001e380 f   MSVCRTD:utility.obj
 0001:0001d480       __security_init_cookie     000000014001e480 f   MSVCRTD:gs_support.obj
 0001:0001d500       _matherr                   000000014001e500 f   MSVCRTD:matherr.obj
 0001:0001d510       _get_startup_argv_mode     000000014001e510 f   MSVCRTD:argv_mode.obj
 0001:0001d520       _get_startup_commit_mode   000000014001e520 f   MSVCRTD:commit_mode.obj
 0001:0001d530       _get_startup_file_mode     000000014001e530 f   MSVCRTD:file_mode.obj
 0001:0001d540       _get_startup_new_mode      000000014001e540 f   MSVCRTD:new_mode.obj
 0001:0001d550       _get_startup_thread_locale_mode 000000014001e550 f   MSVCRTD:thread_locale.obj
 0001:0001d560       ?__scrt_initialize_type_info@@YAXXZ 000000014001e560 f   MSVCRTD:tncleanup.obj
 0001:0001d580       ?__scrt_uninitialize_type_info@@YAXXZ 000000014001e580 f   MSVCRTD:tncleanup.obj
 0001:0001d5a0       _should_initialize_environment 000000014001e5a0 f   MSVCRTD:env_mode.obj
 0001:0001d5b0       _initialize_invalid_parameter_handler 000000014001e5b0 f   MSVCRTD:invalid_parameter_handler.obj
 0001:0001d5c0       _initialize_denormal_control 000000014001e5c0 f   MSVCRTD:denormal_control.obj
 0001:0001d5d0       __scrt_initialize_default_local_stdio_options 000000014001e5d0 f   MSVCRTD:default_local_stdio_options.obj
 0001:0001d620       __scrt_is_user_matherr_present 000000014001e620 f   MSVCRTD:matherr_detection.obj
 0001:0001d650       __scrt_get_dyn_tls_init_callback 000000014001e650 f   MSVCRTD:dyn_tls_init.obj
 0001:0001d660       __scrt_get_dyn_tls_dtor_callback 000000014001e660 f   MSVCRTD:dyn_tls_dtor.obj
 0001:0001d670       __crt_debugger_hook        000000014001e670 f   MSVCRTD:utility_desktop.obj
 0001:0001d680       __scrt_fastfail            000000014001e680 f   MSVCRTD:utility_desktop.obj
 0001:0001d820       __scrt_get_show_window_mode 000000014001e820 f   MSVCRTD:utility_desktop.obj
 0001:0001d880       __scrt_initialize_mta      000000014001e880 f   MSVCRTD:utility_desktop.obj
 0001:0001d890       __scrt_initialize_winrt    000000014001e890 f   MSVCRTD:utility_desktop.obj
 0001:0001d8a0       __scrt_is_managed_app      000000014001e8a0 f   MSVCRTD:utility_desktop.obj
 0001:0001d950       __scrt_set_unhandled_exception_filter 000000014001e950 f   MSVCRTD:utility_desktop.obj
 0001:0001d970       __scrt_exe_initialize_mta  000000014001e970 f   MSVCRTD:utility_desktop.obj
 0001:0001d970       __scrt_stub_for_initialize_mta 000000014001e970 f   MSVCRTD:utility_desktop.obj
 0001:0001d980       __scrt_unhandled_exception_filter 000000014001e980 f   MSVCRTD:utility_desktop.obj
 0001:0001da00       _RTC_Initialize            000000014001ea00 f   MSVCRTD:_initsect_.obj
 0001:0001da50       _RTC_Terminate             000000014001ea50 f   MSVCRTD:_initsect_.obj
 0001:0001daa0       _guard_check_icall_nop     000000014001eaa0 f i MSVCRTD:guard_support.obj
 0001:0001dab0       ReadNoFence64              000000014001eab0 f i MSVCRTD:guard_support.obj
 0001:0001dad0       ReadPointerNoFence         000000014001ead0 f i MSVCRTD:guard_support.obj
 0001:0001daf0       _guard_icall_checks_enforced 000000014001eaf0 f i MSVCRTD:guard_support.obj
 0001:0001db30       _guard_rf_checks_enforced  000000014001eb30 f i MSVCRTD:guard_support.obj
 0001:0001db40       ??1type_info@@UEAA@XZ      000000014001eb40 f   MSVCRTD:std_type_info_static.obj
 0001:0001db60       ??_Gtype_info@@UEAAPEAXI@Z 000000014001eb60 f i MSVCRTD:std_type_info_static.obj
 0001:0001db60       ??_Etype_info@@UEAAPEAXI@Z 000000014001eb60 f i MSVCRTD:std_type_info_static.obj
 0001:0001dba0       __isa_available_init       000000014001eba0 f   MSVCRTD:_cpu_disp_.obj
 0001:0001df10       __scrt_is_ucrt_dll_in_use  000000014001ef10 f   MSVCRTD:ucrt_detection.obj
 0001:0001df40       _CxxThrowException         000000014001ef40 f   vcruntimed:VCRUNTIME140D.dll
 0001:0001df46       __CxxFrameHandler3         000000014001ef46 f   vcruntimed:VCRUNTIME140D.dll
 0001:0001df4c       memmove                    000000014001ef4c f   vcruntimed:VCRUNTIME140D.dll
 0001:0001df52       _purecall                  000000014001ef52 f   vcruntimed:VCRUNTIME140D.dll
 0001:0001df58       strstr                     000000014001ef58 f   vcruntimed:VCRUNTIME140D.dll
 0001:0001df5e       memcmp                     000000014001ef5e f   vcruntimed:VCRUNTIME140D.dll
 0001:0001df64       __C_specific_handler       000000014001ef64 f   vcruntimed:VCRUNTIME140D.dll
 0001:0001df6a       __std_exception_copy       000000014001ef6a f   vcruntimed:VCRUNTIME140D.dll
 0001:0001df70       __std_exception_destroy    000000014001ef70 f   vcruntimed:VCRUNTIME140D.dll
 0001:0001df76       __std_type_info_destroy_list 000000014001ef76 f   vcruntimed:VCRUNTIME140D.dll
 0001:0001df7c       _invalid_parameter         000000014001ef7c f   ucrtd:ucrtbased.dll
 0001:0001df82       _CrtDbgReport              000000014001ef82 f   ucrtd:ucrtbased.dll
 0001:0001df88       __stdio_common_vsscanf     000000014001ef88 f   ucrtd:ucrtbased.dll
 0001:0001df8e       free                       000000014001ef8e f   ucrtd:ucrtbased.dll
 0001:0001df94       malloc                     000000014001ef94 f   ucrtd:ucrtbased.dll
 0001:0001df9a       realloc                    000000014001ef9a f   ucrtd:ucrtbased.dll
 0001:0001dfa0       strncmp                    000000014001efa0 f   ucrtd:ucrtbased.dll
 0001:0001dfa6       __stdio_common_vsprintf    000000014001efa6 f   ucrtd:ucrtbased.dll
 0001:0001dfac       calloc                     000000014001efac f   ucrtd:ucrtbased.dll
 0001:0001dfb2       _wassert                   000000014001efb2 f   ucrtd:ucrtbased.dll
 0001:0001dfb8       _strdup                    000000014001efb8 f   ucrtd:ucrtbased.dll
 0001:0001dfbe       qsort                      000000014001efbe f   ucrtd:ucrtbased.dll
 0001:0001dfc4       pow                        000000014001efc4 f   ucrtd:ucrtbased.dll
 0001:0001dfca       sqrt                       000000014001efca f   ucrtd:ucrtbased.dll
 0001:0001dfd0       _callnewh                  000000014001efd0 f   ucrtd:ucrtbased.dll
 0001:0001dfd6       _seh_filter_exe            000000014001efd6 f   ucrtd:ucrtbased.dll
 0001:0001dfdc       _set_app_type              000000014001efdc f   ucrtd:ucrtbased.dll
 0001:0001dfe2       __setusermatherr           000000014001efe2 f   ucrtd:ucrtbased.dll
 0001:0001dfe8       _configure_narrow_argv     000000014001efe8 f   ucrtd:ucrtbased.dll
 0001:0001dfee       _initialize_narrow_environment 000000014001efee f   ucrtd:ucrtbased.dll
 0001:0001dff4       _get_initial_narrow_environment 000000014001eff4 f   ucrtd:ucrtbased.dll
 0001:0001dffa       _initterm                  000000014001effa f   ucrtd:ucrtbased.dll
 0001:0001e000       _initterm_e                000000014001f000 f   ucrtd:ucrtbased.dll
 0001:0001e006       exit                       000000014001f006 f   ucrtd:ucrtbased.dll
 0001:0001e00c       _exit                      000000014001f00c f   ucrtd:ucrtbased.dll
 0001:0001e012       _set_fmode                 000000014001f012 f   ucrtd:ucrtbased.dll
 0001:0001e018       __p___argc                 000000014001f018 f   ucrtd:ucrtbased.dll
 0001:0001e01e       __p___argv                 000000014001f01e f   ucrtd:ucrtbased.dll
 0001:0001e024       _cexit                     000000014001f024 f   ucrtd:ucrtbased.dll
 0001:0001e02a       _c_exit                    000000014001f02a f   ucrtd:ucrtbased.dll
 0001:0001e030       _register_thread_local_exe_atexit_callback 000000014001f030 f   ucrtd:ucrtbased.dll
 0001:0001e036       _configthreadlocale        000000014001f036 f   ucrtd:ucrtbased.dll
 0001:0001e03c       _set_new_mode              000000014001f03c f   ucrtd:ucrtbased.dll
 0001:0001e042       __p__commode               000000014001f042 f   ucrtd:ucrtbased.dll
 0001:0001e048       _free_dbg                  000000014001f048 f   ucrtd:ucrtbased.dll
 0001:0001e04e       _seh_filter_dll            000000014001f04e f   ucrtd:ucrtbased.dll
 0001:0001e054       _initialize_onexit_table   000000014001f054 f   ucrtd:ucrtbased.dll
 0001:0001e05a       _register_onexit_function  000000014001f05a f   ucrtd:ucrtbased.dll
 0001:0001e060       _execute_onexit_table      000000014001f060 f   ucrtd:ucrtbased.dll
 0001:0001e066       _crt_atexit                000000014001f066 f   ucrtd:ucrtbased.dll
 0001:0001e06c       _crt_at_quick_exit         000000014001f06c f   ucrtd:ucrtbased.dll
 0001:0001e072       terminate                  000000014001f072 f   ucrtd:ucrtbased.dll
 0001:0001e078       GetCurrentThreadId         000000014001f078 f   kernel32:KERNEL32.dll
 0001:0001e07e       RtlCaptureContext          000000014001f07e f   kernel32:KERNEL32.dll
 0001:0001e084       RtlLookupFunctionEntry     000000014001f084 f   kernel32:KERNEL32.dll
 0001:0001e08a       RtlVirtualUnwind           000000014001f08a f   kernel32:KERNEL32.dll
 0001:0001e090       UnhandledExceptionFilter   000000014001f090 f   kernel32:KERNEL32.dll
 0001:0001e096       SetUnhandledExceptionFilter 000000014001f096 f   kernel32:KERNEL32.dll
 0001:0001e09c       GetCurrentProcess          000000014001f09c f   kernel32:KERNEL32.dll
 0001:0001e0a2       TerminateProcess           000000014001f0a2 f   kernel32:KERNEL32.dll
 0001:0001e0a8       IsProcessorFeaturePresent  000000014001f0a8 f   kernel32:KERNEL32.dll
 0001:0001e0ae       GetCurrentProcessId        000000014001f0ae f   kernel32:KERNEL32.dll
 0001:0001e0b4       GetSystemTimeAsFileTime    000000014001f0b4 f   kernel32:KERNEL32.dll
 0001:0001e0ba       InitializeSListHead        000000014001f0ba f   kernel32:KERNEL32.dll
 0001:0001e0c0       IsDebuggerPresent          000000014001f0c0 f   kernel32:KERNEL32.dll
 0001:0001e0c6       GetStartupInfoW            000000014001f0c6 f   kernel32:KERNEL32.dll
 0001:0001e0d0       __vcrt_initialize          000000014001f0d0 f   MSVCRTD:ucrt_stubs.obj
 0001:0001e0d0       __acrt_initialize          000000014001f0d0 f   MSVCRTD:ucrt_stubs.obj
 0001:0001e0d0       __scrt_stub_for_acrt_initialize 000000014001f0d0 f   MSVCRTD:ucrt_stubs.obj
 0001:0001e0e0       __vcrt_thread_attach       000000014001f0e0 f   MSVCRTD:ucrt_stubs.obj
 0001:0001e0e0       __acrt_thread_attach       000000014001f0e0 f   MSVCRTD:ucrt_stubs.obj
 0001:0001e0e0       __scrt_stub_for_acrt_thread_attach 000000014001f0e0 f   MSVCRTD:ucrt_stubs.obj
 0001:0001e0f0       __scrt_stub_for_acrt_thread_detach 000000014001f0f0 f   MSVCRTD:ucrt_stubs.obj
 0001:0001e0f0       __acrt_thread_detach       000000014001f0f0 f   MSVCRTD:ucrt_stubs.obj
 0001:0001e0f0       __vcrt_thread_detach       000000014001f0f0 f   MSVCRTD:ucrt_stubs.obj
 0001:0001e100       __scrt_stub_for_acrt_uninitialize 000000014001f100 f   MSVCRTD:ucrt_stubs.obj
 0001:0001e100       __acrt_uninitialize        000000014001f100 f   MSVCRTD:ucrt_stubs.obj
 0001:0001e100       __vcrt_uninitialize        000000014001f100 f   MSVCRTD:ucrt_stubs.obj
 0001:0001e110       __scrt_stub_for_acrt_uninitialize_critical 000000014001f110 f   MSVCRTD:ucrt_stubs.obj
 0001:0001e110       __vcrt_uninitialize_critical 000000014001f110 f   MSVCRTD:ucrt_stubs.obj
 0001:0001e110       __acrt_uninitialize_critical 000000014001f110 f   MSVCRTD:ucrt_stubs.obj
 0001:0001e120       __scrt_stub_for_is_c_termination_complete 000000014001f120 f   MSVCRTD:ucrt_stubs.obj
 0001:0001e120       _is_c_termination_complete 000000014001f120 f   MSVCRTD:ucrt_stubs.obj
 0001:0001e140       _guard_dispatch_icall_nop  000000014001f140 f   MSVCRTD:_guard_dispatch_.obj
 0002:00000000       __imp_CreateDCW            0000000140020000     gdi32:GDI32.dll
 0002:00000008       __imp_GetDeviceCaps        0000000140020008     gdi32:GDI32.dll
 0002:00000010       __imp_GetDeviceGammaRamp   0000000140020010     gdi32:GDI32.dll
 0002:00000018       __imp_SetDeviceGammaRamp   0000000140020018     gdi32:GDI32.dll
 0002:00000020       __imp_CreateBitmap         0000000140020020     gdi32:GDI32.dll
 0002:00000028       __imp_DeleteObject         0000000140020028     gdi32:GDI32.dll
 0002:00000030       __imp_CreateDIBSection     0000000140020030     gdi32:GDI32.dll
 0002:00000038       __imp_ChoosePixelFormat    0000000140020038     gdi32:GDI32.dll
 0002:00000040       __imp_DescribePixelFormat  0000000140020040     gdi32:GDI32.dll
 0002:00000048       __imp_SetPixelFormat       0000000140020048     gdi32:GDI32.dll
 0002:00000050       __imp_SwapBuffers          0000000140020050     gdi32:GDI32.dll
 0002:00000058       __imp_DeleteDC             0000000140020058     gdi32:GDI32.dll
 0002:00000060       \177GDI32_NULL_THUNK_DATA  0000000140020060     gdi32:GDI32.dll
 0002:00000068       __imp_GlobalFree           0000000140020068     kernel32:KERNEL32.dll
 0002:00000070       __imp_TlsAlloc             0000000140020070     kernel32:KERNEL32.dll
 0002:00000078       __imp_TlsGetValue          0000000140020078     kernel32:KERNEL32.dll
 0002:00000080       __imp_TlsSetValue          0000000140020080     kernel32:KERNEL32.dll
 0002:00000088       __imp_TlsFree              0000000140020088     kernel32:KERNEL32.dll
 0002:00000090       __imp_GetLastError         0000000140020090     kernel32:KERNEL32.dll
 0002:00000098       __imp_IsDebuggerPresent    0000000140020098     kernel32:KERNEL32.dll
 0002:000000a0       __imp_InitializeSListHead  00000001400200a0     kernel32:KERNEL32.dll
 0002:000000a8       __imp_GetSystemTimeAsFileTime 00000001400200a8     kernel32:KERNEL32.dll
 0002:000000b0       __imp_GlobalUnlock         00000001400200b0     kernel32:KERNEL32.dll
 0002:000000b8       __imp_IsProcessorFeaturePresent 00000001400200b8     kernel32:KERNEL32.dll
 0002:000000c0       __imp_TerminateProcess     00000001400200c0     kernel32:KERNEL32.dll
 0002:000000c8       __imp_GetCurrentProcess    00000001400200c8     kernel32:KERNEL32.dll
 0002:000000d0       __imp_SetUnhandledExceptionFilter 00000001400200d0     kernel32:KERNEL32.dll
 0002:000000d8       __imp_UnhandledExceptionFilter 00000001400200d8     kernel32:KERNEL32.dll
 0002:000000e0       __imp_RtlVirtualUnwind     00000001400200e0     kernel32:KERNEL32.dll
 0002:000000e8       __imp_RtlLookupFunctionEntry 00000001400200e8     kernel32:KERNEL32.dll
 0002:000000f0       __imp_RtlCaptureContext    00000001400200f0     kernel32:KERNEL32.dll
 0002:000000f8       __imp_GetCurrentThreadId   00000001400200f8     kernel32:KERNEL32.dll
 0002:00000100       __imp_GlobalLock           0000000140020100     kernel32:KERNEL32.dll
 0002:00000108       __imp_GlobalAlloc          0000000140020108     kernel32:KERNEL32.dll
 0002:00000110       __imp_QueryPerformanceFrequency 0000000140020110     kernel32:KERNEL32.dll
 0002:00000118       __imp_QueryPerformanceCounter 0000000140020118     kernel32:KERNEL32.dll
 0002:00000120       __imp_WideCharToMultiByte  0000000140020120     kernel32:KERNEL32.dll
 0002:00000128       __imp_MultiByteToWideChar  0000000140020128     kernel32:KERNEL32.dll
 0002:00000130       __imp_LoadLibraryA         0000000140020130     kernel32:KERNEL32.dll
 0002:00000138       __imp_GetModuleHandleW     0000000140020138     kernel32:KERNEL32.dll
 0002:00000140       __imp_LoadLibraryW         0000000140020140     kernel32:KERNEL32.dll
 0002:00000148       __imp_GetProcAddress       0000000140020148     kernel32:KERNEL32.dll
 0002:00000150       __imp_FreeLibrary          0000000140020150     kernel32:KERNEL32.dll
 0002:00000158       __imp_GetCurrentProcessId  0000000140020158     kernel32:KERNEL32.dll
 0002:00000160       __imp_OutputDebugStringA   0000000140020160     kernel32:KERNEL32.dll
 0002:00000168       __imp_GetStartupInfoW      0000000140020168     kernel32:KERNEL32.dll
 0002:00000170       \177KERNEL32_NULL_THUNK_DATA 0000000140020170     kernel32:KERNEL32.dll
 0002:00000178       __imp_??0_Lockit@std@@QEAA@H@Z 0000000140020178     msvcprtd:MSVCP140D.dll
 0002:00000180       __imp_??1_Lockit@std@@QEAA@XZ 0000000140020180     msvcprtd:MSVCP140D.dll
 0002:00000188       __imp_?_Xlength_error@std@@YAXPEBD@Z 0000000140020188     msvcprtd:MSVCP140D.dll
 0002:00000190       \177MSVCP140D_NULL_THUNK_DATA 0000000140020190     msvcprtd:MSVCP140D.dll
 0002:00000198       __imp_DragFinish           0000000140020198     shell32:SHELL32.dll
 0002:000001a0       __imp_DragQueryPoint       00000001400201a0     shell32:SHELL32.dll
 0002:000001a8       __imp_DragQueryFileW       00000001400201a8     shell32:SHELL32.dll
 0002:000001b0       __imp_DragAcceptFiles      00000001400201b0     shell32:SHELL32.dll
 0002:000001b8       \177SHELL32_NULL_THUNK_DATA 00000001400201b8     shell32:SHELL32.dll
 0002:000001c0       __imp_SetCapture           00000001400201c0     user32:USER32.dll
 0002:000001c8       __imp_ReleaseCapture       00000001400201c8     user32:USER32.dll
 0002:000001d0       __imp_MsgWaitForMultipleObjects 00000001400201d0     user32:USER32.dll
 0002:000001d8       __imp_GetSystemMetrics     00000001400201d8     user32:USER32.dll
 0002:000001e0       __imp_SetForegroundWindow  00000001400201e0     user32:USER32.dll
 0002:000001e8       __imp_GetDC                00000001400201e8     user32:USER32.dll
 0002:000001f0       __imp_ReleaseDC            00000001400201f0     user32:USER32.dll
 0002:000001f8       __imp_SetPropW             00000001400201f8     user32:USER32.dll
 0002:00000200       __imp_GetPropW             0000000140020200     user32:USER32.dll
 0002:00000208       __imp_RemovePropW          0000000140020208     user32:USER32.dll
 0002:00000210       __imp_SetWindowTextW       0000000140020210     user32:USER32.dll
 0002:00000218       __imp_GetClientRect        0000000140020218     user32:USER32.dll
 0002:00000220       __imp_GetWindowRect        0000000140020220     user32:USER32.dll
 0002:00000228       __imp_AdjustWindowRectEx   0000000140020228     user32:USER32.dll
 0002:00000230       __imp_SetCursorPos         0000000140020230     user32:USER32.dll
 0002:00000238       __imp_SetCursor            0000000140020238     user32:USER32.dll
 0002:00000240       __imp_GetCursorPos         0000000140020240     user32:USER32.dll
 0002:00000248       __imp_ClientToScreen       0000000140020248     user32:USER32.dll
 0002:00000250       __imp_ScreenToClient       0000000140020250     user32:USER32.dll
 0002:00000258       __imp_WindowFromPoint      0000000140020258     user32:USER32.dll
 0002:00000260       __imp_ClipCursor           0000000140020260     user32:USER32.dll
 0002:00000268       __imp_SetRect              0000000140020268     user32:USER32.dll
 0002:00000270       __imp_EmptyClipboard       0000000140020270     user32:USER32.dll
 0002:00000278       __imp_GetKeyNameTextW      0000000140020278     user32:USER32.dll
 0002:00000280       __imp_SetWindowLongW       0000000140020280     user32:USER32.dll
 0002:00000288       __imp_GetClassLongPtrW     0000000140020288     user32:USER32.dll
 0002:00000290       __imp_LoadCursorW          0000000140020290     user32:USER32.dll
 0002:00000298       __imp_DestroyIcon          0000000140020298     user32:USER32.dll
 0002:000002a0       __imp_LoadImageW           00000001400202a0     user32:USER32.dll
 0002:000002a8       __imp_CreateIconIndirect   00000001400202a8     user32:USER32.dll
 0002:000002b0       __imp_CopyIcon             00000001400202b0     user32:USER32.dll
 0002:000002b8       __imp_GetRawInputDeviceInfoA 00000001400202b8     user32:USER32.dll
 0002:000002c0       __imp_GetRawInputDeviceList 00000001400202c0     user32:USER32.dll
 0002:000002c8       __imp_GetClipboardData     00000001400202c8     user32:USER32.dll
 0002:000002d0       __imp_BringWindowToTop     00000001400202d0     user32:USER32.dll
 0002:000002d8       __imp_IsIconic             00000001400202d8     user32:USER32.dll
 0002:000002e0       __imp_IsWindowVisible      00000001400202e0     user32:USER32.dll
 0002:000002e8       __imp_SetWindowPos         00000001400202e8     user32:USER32.dll
 0002:000002f0       __imp_MoveWindow           00000001400202f0     user32:USER32.dll
 0002:000002f8       __imp_RegisterClassExW     00000001400202f8     user32:USER32.dll
 0002:00000300       __imp_UnregisterClassW     0000000140020300     user32:USER32.dll
 0002:00000308       __imp_DefWindowProcW       0000000140020308     user32:USER32.dll
 0002:00000310       __imp_WaitMessage          0000000140020310     user32:USER32.dll
 0002:00000318       __imp_PostMessageW         0000000140020318     user32:USER32.dll
 0002:00000320       __imp_SendMessageW         0000000140020320     user32:USER32.dll
 0002:00000328       __imp_GetMessageTime       0000000140020328     user32:USER32.dll
 0002:00000330       __imp_PeekMessageW         0000000140020330     user32:USER32.dll
 0002:00000338       __imp_GetAsyncKeyState     0000000140020338     user32:USER32.dll
 0002:00000340       __imp_GetKeyState          0000000140020340     user32:USER32.dll
 0002:00000348       __imp_GetActiveWindow      0000000140020348     user32:USER32.dll
 0002:00000350       __imp_GetWindowLongW       0000000140020350     user32:USER32.dll
 0002:00000358       __imp_SetFocus             0000000140020358     user32:USER32.dll
 0002:00000360       __imp_SetClipboardData     0000000140020360     user32:USER32.dll
 0002:00000368       __imp_CloseClipboard       0000000140020368     user32:USER32.dll
 0002:00000370       __imp_OpenClipboard        0000000140020370     user32:USER32.dll
 0002:00000378       __imp_PtInRect             0000000140020378     user32:USER32.dll
 0002:00000380       __imp_IsZoomed             0000000140020380     user32:USER32.dll
 0002:00000388       __imp_RegisterDeviceNotificationW 0000000140020388     user32:USER32.dll
 0002:00000390       __imp_CreateWindowExW      0000000140020390     user32:USER32.dll
 0002:00000398       __imp_DestroyWindow        0000000140020398     user32:USER32.dll
 0002:000003a0       __imp_ShowWindow           00000001400203a0     user32:USER32.dll
 0002:000003a8       __imp_SystemParametersInfoW 00000001400203a8     user32:USER32.dll
 0002:000003b0       __imp_ChangeDisplaySettingsExW 00000001400203b0     user32:USER32.dll
 0002:000003b8       __imp_EnumDisplaySettingsW 00000001400203b8     user32:USER32.dll
 0002:000003c0       __imp_EnumDisplaySettingsExW 00000001400203c0     user32:USER32.dll
 0002:000003c8       __imp_EnumDisplayDevicesW  00000001400203c8     user32:USER32.dll
 0002:000003d0       __imp_TrackMouseEvent      00000001400203d0     user32:USER32.dll
 0002:000003d8       __imp_TranslateMessage     00000001400203d8     user32:USER32.dll
 0002:000003e0       __imp_DispatchMessageW     00000001400203e0     user32:USER32.dll
 0002:000003e8       \177USER32_NULL_THUNK_DATA 00000001400203e8     user32:USER32.dll
 0002:000003f0       __imp_memmove              00000001400203f0     vcruntimed:VCRUNTIME140D.dll
 0002:000003f8       __imp__purecall            00000001400203f8     vcruntimed:VCRUNTIME140D.dll
 0002:00000400       __imp_strstr               0000000140020400     vcruntimed:VCRUNTIME140D.dll
 0002:00000408       __imp_memcmp               0000000140020408     vcruntimed:VCRUNTIME140D.dll
 0002:00000410       __imp___C_specific_handler 0000000140020410     vcruntimed:VCRUNTIME140D.dll
 0002:00000418       __imp___std_exception_copy 0000000140020418     vcruntimed:VCRUNTIME140D.dll
 0002:00000420       __imp___std_exception_destroy 0000000140020420     vcruntimed:VCRUNTIME140D.dll
 0002:00000428       __imp___std_type_info_destroy_list 0000000140020428     vcruntimed:VCRUNTIME140D.dll
 0002:00000430       __imp__CxxThrowException   0000000140020430     vcruntimed:VCRUNTIME140D.dll
 0002:00000438       __imp___CxxFrameHandler3   0000000140020438     vcruntimed:VCRUNTIME140D.dll
 0002:00000440       \177VCRUNTIME140D_NULL_THUNK_DATA 0000000140020440     vcruntimed:VCRUNTIME140D.dll
 0002:00000448       __imp__callnewh            0000000140020448     ucrtd:ucrtbased.dll
 0002:00000450       __imp__seh_filter_exe      0000000140020450     ucrtd:ucrtbased.dll
 0002:00000458       __imp__set_app_type        0000000140020458     ucrtd:ucrtbased.dll
 0002:00000460       __imp___setusermatherr     0000000140020460     ucrtd:ucrtbased.dll
 0002:00000468       __imp__configure_narrow_argv 0000000140020468     ucrtd:ucrtbased.dll
 0002:00000470       __imp__initialize_narrow_environment 0000000140020470     ucrtd:ucrtbased.dll
 0002:00000478       __imp__get_initial_narrow_environment 0000000140020478     ucrtd:ucrtbased.dll
 0002:00000480       __imp__initterm            0000000140020480     ucrtd:ucrtbased.dll
 0002:00000488       __imp__initterm_e          0000000140020488     ucrtd:ucrtbased.dll
 0002:00000490       __imp_exit                 0000000140020490     ucrtd:ucrtbased.dll
 0002:00000498       __imp__exit                0000000140020498     ucrtd:ucrtbased.dll
 0002:000004a0       __imp__set_fmode           00000001400204a0     ucrtd:ucrtbased.dll
 0002:000004a8       __imp___p___argc           00000001400204a8     ucrtd:ucrtbased.dll
 0002:000004b0       __imp___p___argv           00000001400204b0     ucrtd:ucrtbased.dll
 0002:000004b8       __imp_pow                  00000001400204b8     ucrtd:ucrtbased.dll
 0002:000004c0       __imp__c_exit              00000001400204c0     ucrtd:ucrtbased.dll
 0002:000004c8       __imp__register_thread_local_exe_atexit_callback 00000001400204c8     ucrtd:ucrtbased.dll
 0002:000004d0       __imp__configthreadlocale  00000001400204d0     ucrtd:ucrtbased.dll
 0002:000004d8       __imp__set_new_mode        00000001400204d8     ucrtd:ucrtbased.dll
 0002:000004e0       __imp___p__commode         00000001400204e0     ucrtd:ucrtbased.dll
 0002:000004e8       __imp__free_dbg            00000001400204e8     ucrtd:ucrtbased.dll
[...]
 0005:000000d8       __49821EBB_stralign@h      00000001400340d8     shader.obj
 0005:000000d9       __D22168B4_ogl@hpp         00000001400340d9     shader.obj
 0005:000000da       __62687322_shader@cpp      00000001400340da     shader.obj
 0005:000000db       __5667E641_xstring         00000001400340db     shader.obj
 0005:000000dc       __BF3E940C_xstddef         00000001400340dc     shader.obj
 0005:000000dd       __F5BEA528_vcruntime_new@h 00000001400340dd     vertex.obj
 0005:000000de       __FE874262_stdlib@h        00000001400340de     vertex.obj
 0005:000000df       __EDC08FAA_corecrt_math@h  00000001400340df     vertex.obj
 0005:000000e0       __7F2C8695_cstdlib         00000001400340e0     vertex.obj
 0005:000000e1       __429E0B2B_xtgmath@h       00000001400340e1     vertex.obj
 0005:000000e2       __0514C0B9_cmath           00000001400340e2     vertex.obj
 0005:000000e3       __07523DAF_corecrt_memcpy_s@h 00000001400340e3     vertex.obj
 0005:000000e4       __320E01E0_corecrt_stdio_config@h 00000001400340e4     vertex.obj
 0005:000000e5       __FEB88A67_corecrt_wconio@h 00000001400340e5     vertex.obj
 0005:000000e6       __BE076D93_corecrt_wio@h   00000001400340e6     vertex.obj
 0005:000000e7       __BAC7FC50_corecrt_wstdio@h 00000001400340e7     vertex.obj
 0005:000000e8       __9CE3A74D_corecrt_wstring@h 00000001400340e8     vertex.obj
 0005:000000e9       __90701A18_corecrt_wtime@h 00000001400340e9     vertex.obj
 0005:000000ea       __33831CCF_stat@h          00000001400340ea     vertex.obj
 0005:000000eb       __5D5F9F21_wchar@h         00000001400340eb     vertex.obj
 0005:000000ec       __C73DF9BD_limits          00000001400340ec     vertex.obj
 0005:000000ed       __97E4A401_type_traits     00000001400340ed     vertex.obj
 0005:000000ee       __6AAA6594_malloc@h        00000001400340ee     vertex.obj
 0005:000000ef       __50F2368E_vcruntime_exception@h 00000001400340ef     vertex.obj
 0005:000000f0       __0CE11248_exception       00000001400340f0     vertex.obj
 0005:000000f1       __A3797CDC_stdio@h         00000001400340f1     vertex.obj
 0005:000000f2       __9F081559_corecrt_memory@h 00000001400340f2     vertex.obj
 0005:000000f3       __78F4D6C6_string@h        00000001400340f3     vertex.obj
 0005:000000f4       __0BD42C3B_iosfwd          00000001400340f4     vertex.obj
 0005:000000f5       __0FCAEBF4_xutility        00000001400340f5     vertex.obj
 0005:000000f6       __E443DC4E_xatomic0@h      00000001400340f6     vertex.obj
 0005:000000f7       __DE992AA5_xmemory0        00000001400340f7     vertex.obj
 0005:000000f8       __85AF2815_stdexcept       00000001400340f8     vertex.obj
 0005:000000f9       __7C512EE2_ctype@h         00000001400340f9     vertex.obj
 0005:000000fa       __5BEBA810_basetsd@h       00000001400340fa     vertex.obj
 0005:000000fb       __F7698904_guiddef@h       00000001400340fb     vertex.obj
 0005:000000fc       __1D5C983A_winnt@h         00000001400340fc     vertex.obj
 0005:000000fd       __4D75C327_processthreadsapi@h 00000001400340fd     vertex.obj
 0005:000000fe       __A1C010E7_memoryapi@h     00000001400340fe     vertex.obj
 0005:000000ff       __3CD9AC13_winerror@h      00000001400340ff     vertex.obj
 0005:00000100       __7D6EA4B0_winbase@h       0000000140034100     vertex.obj
 0005:00000101       __1586EFC7_winuser@h       0000000140034101     vertex.obj
 0005:00000102       __49821EBB_stralign@h      0000000140034102     vertex.obj
 0005:00000103       __D22168B4_ogl@hpp         0000000140034103     vertex.obj
 0005:00000104       __A6010277_vertex@hpp      0000000140034104     vertex.obj
 0005:00000105       __AA54ED96_vertex@cpp      0000000140034105     vertex.obj
 0005:00000106       __8A90895D_vector          0000000140034106     vertex.obj
 0005:00000107       __5667E641_xstring         0000000140034107     vertex.obj
 0005:00000108       __4821031E_utility         0000000140034108     vertex.obj
 0005:00000109       __BF3E940C_xstddef         0000000140034109     vertex.obj
 0005:0000010a       __22B460DD_xmemory         000000014003410a     vertex.obj
 0005:0000010b       __320E01E0_corecrt_stdio_config@h 000000014003410b     extern.glad:glad.obj
 0005:0000010c       __BAC7FC50_corecrt_wstdio@h 000000014003410c     extern.glad:glad.obj
 0005:0000010d       __A3797CDC_stdio@h         000000014003410d     extern.glad:glad.obj
 0005:0000010e       __07523DAF_corecrt_memcpy_s@h 000000014003410e     extern.glad:glad.obj
 0005:0000010f       __9CE3A74D_corecrt_wstring@h 000000014003410f     extern.glad:glad.obj
 0005:00000110       __78F4D6C6_string@h        0000000140034110     extern.glad:glad.obj
 0005:00000111       __7C512EE2_ctype@h         0000000140034111     extern.glad:glad.obj
 0005:00000112       __5BEBA810_basetsd@h       0000000140034112     extern.glad:glad.obj
 0005:00000113       __1D5C983A_winnt@h         0000000140034113     extern.glad:glad.obj
 0005:00000114       __4D75C327_processthreadsapi@h 0000000140034114     extern.glad:glad.obj
 0005:00000115       __A1C010E7_memoryapi@h     0000000140034115     extern.glad:glad.obj
 0005:00000116       __3CD9AC13_winerror@h      0000000140034116     extern.glad:glad.obj
 0005:00000117       __7D6EA4B0_winbase@h       0000000140034117     extern.glad:glad.obj
 0005:00000118       __49821EBB_stralign@h      0000000140034118     extern.glad:glad.obj
 0005:00000119       __E90B82D4_glad@c          0000000140034119     extern.glad:glad.obj
 0005:0000011a       __7C512EE2_ctype@h         000000014003411a     extern.glfw:init.obj
 0005:0000011b       __5BEBA810_basetsd@h       000000014003411b     extern.glfw:init.obj
 0005:0000011c       __07523DAF_corecrt_memcpy_s@h 000000014003411c     extern.glfw:init.obj
 0005:0000011d       __9CE3A74D_corecrt_wstring@h 000000014003411d     extern.glfw:init.obj
 0005:0000011e       __78F4D6C6_string@h        000000014003411e     extern.glfw:init.obj
 0005:0000011f       __1D5C983A_winnt@h         000000014003411f     extern.glfw:init.obj
 0005:00000120       __3CD9AC13_winerror@h      0000000140034120     extern.glfw:init.obj
 0005:00000121       __49821EBB_stralign@h      0000000140034121     extern.glfw:init.obj
 0005:00000122       __6AAA6594_malloc@h        0000000140034122     extern.glfw:init.obj
 0005:00000123       __320E01E0_corecrt_stdio_config@h 0000000140034123     extern.glfw:init.obj
 0005:00000124       __BAC7FC50_corecrt_wstdio@h 0000000140034124     extern.glfw:init.obj
 0005:00000125       __A3797CDC_stdio@h         0000000140034125     extern.glfw:init.obj
 0005:00000126       __F3818CC0_init@c          0000000140034126     extern.glfw:init.obj
 0005:00000127       __7C512EE2_ctype@h         0000000140034127     extern.glfw:window.obj
 0005:00000128       __5BEBA810_basetsd@h       0000000140034128     extern.glfw:window.obj
 0005:00000129       __07523DAF_corecrt_memcpy_s@h 0000000140034129     extern.glfw:window.obj
 0005:0000012a       __9CE3A74D_corecrt_wstring@h 000000014003412a     extern.glfw:window.obj
 0005:0000012b       __78F4D6C6_string@h        000000014003412b     extern.glfw:window.obj
 0005:0000012c       __1D5C983A_winnt@h         000000014003412c     extern.glfw:window.obj
 0005:0000012d       __3CD9AC13_winerror@h      000000014003412d     extern.glfw:window.obj
 0005:0000012e       __49821EBB_stralign@h      000000014003412e     extern.glfw:window.obj
 0005:0000012f       __6AAA6594_malloc@h        000000014003412f     extern.glfw:window.obj
 0005:00000130       __19BC5C53_window@c        0000000140034130     extern.glfw:window.obj
 0005:00000131       __7C512EE2_ctype@h         0000000140034131     extern.glfw:input.obj
 0005:00000132       __5BEBA810_basetsd@h       0000000140034132     extern.glfw:input.obj
 0005:00000133       __07523DAF_corecrt_memcpy_s@h 0000000140034133     extern.glfw:input.obj
 0005:00000134       __9CE3A74D_corecrt_wstring@h 0000000140034134     extern.glfw:input.obj
 0005:00000135       __78F4D6C6_string@h        0000000140034135     extern.glfw:input.obj
 0005:00000136       __1D5C983A_winnt@h         0000000140034136     extern.glfw:input.obj
 0005:00000137       __3CD9AC13_winerror@h      0000000140034137     extern.glfw:input.obj
 0005:00000138       __49821EBB_stralign@h      0000000140034138     extern.glfw:input.obj
 0005:00000139       __6AAA6594_malloc@h        0000000140034139     extern.glfw:input.obj
 0005:0000013a       __BE9C7B66_input@c         000000014003413a     extern.glfw:input.obj
 0005:0000013b       __7C512EE2_ctype@h         000000014003413b     extern.glfw:context.obj
 0005:0000013c       __5BEBA810_basetsd@h       000000014003413c     extern.glfw:context.obj
 0005:0000013d       __07523DAF_corecrt_memcpy_s@h 000000014003413d     extern.glfw:context.obj
 0005:0000013e       __9CE3A74D_corecrt_wstring@h 000000014003413e     extern.glfw:context.obj
 0005:0000013f       __78F4D6C6_string@h        000000014003413f     extern.glfw:context.obj
 0005:00000140       __1D5C983A_winnt@h         0000000140034140     extern.glfw:context.obj
 0005:00000141       __3CD9AC13_winerror@h      0000000140034141     extern.glfw:context.obj
 0005:00000142       __49821EBB_stralign@h      0000000140034142     extern.glfw:context.obj
 0005:00000143       __6AAA6594_malloc@h        0000000140034143     extern.glfw:context.obj
 0005:00000144       __320E01E0_corecrt_stdio_config@h 0000000140034144     extern.glfw:context.obj
 0005:00000145       __BAC7FC50_corecrt_wstdio@h 0000000140034145     extern.glfw:context.obj
 0005:00000146       __A3797CDC_stdio@h         0000000140034146     extern.glfw:context.obj
 0005:00000147       __247A0648_context@c       0000000140034147     extern.glfw:context.obj
 0005:00000148       __7C512EE2_ctype@h         0000000140034148     extern.glfw:win32_init.obj
 0005:00000149       __5BEBA810_basetsd@h       0000000140034149     extern.glfw:win32_init.obj
 0005:0000014a       __07523DAF_corecrt_memcpy_s@h 000000014003414a     extern.glfw:win32_init.obj
 0005:0000014b       __9CE3A74D_corecrt_wstring@h 000000014003414b     extern.glfw:win32_init.obj
 0005:0000014c       __78F4D6C6_string@h        000000014003414c     extern.glfw:win32_init.obj
 0005:0000014d       __1D5C983A_winnt@h         000000014003414d     extern.glfw:win32_init.obj
 0005:0000014e       __3CD9AC13_winerror@h      000000014003414e     extern.glfw:win32_init.obj
 0005:0000014f       __49821EBB_stralign@h      000000014003414f     extern.glfw:win32_init.obj
 0005:00000150       __6AAA6594_malloc@h        0000000140034150     extern.glfw:win32_init.obj
 0005:00000151       __94E03C11_win32_init@c    0000000140034151     extern.glfw:win32_init.obj
 0005:00000152       __7C512EE2_ctype@h         0000000140034152     extern.glfw:win32_monitor.obj
 0005:00000153       __5BEBA810_basetsd@h       0000000140034153     extern.glfw:win32_monitor.obj
 0005:00000154       __07523DAF_corecrt_memcpy_s@h 0000000140034154     extern.glfw:win32_monitor.obj
 0005:00000155       __9CE3A74D_corecrt_wstring@h 0000000140034155     extern.glfw:win32_monitor.obj
 0005:00000156       __78F4D6C6_string@h        0000000140034156     extern.glfw:win32_monitor.obj
 0005:00000157       __1D5C983A_winnt@h         0000000140034157     extern.glfw:win32_monitor.obj
 0005:00000158       __3CD9AC13_winerror@h      0000000140034158     extern.glfw:win32_monitor.obj
 0005:00000159       __49821EBB_stralign@h      0000000140034159     extern.glfw:win32_monitor.obj
 0005:0000015a       __6AAA6594_malloc@h        000000014003415a     extern.glfw:win32_monitor.obj
 0005:0000015b       __9508C12F_win32_monitor@c 000000014003415b     extern.glfw:win32_monitor.obj
 0005:0000015c       __7C512EE2_ctype@h         000000014003415c     extern.glfw:win32_time.obj
 0005:0000015d       __5BEBA810_basetsd@h       000000014003415d     extern.glfw:win32_time.obj
 0005:0000015e       __07523DAF_corecrt_memcpy_s@h 000000014003415e     extern.glfw:win32_time.obj
 0005:0000015f       __9CE3A74D_corecrt_wstring@h 000000014003415f     extern.glfw:win32_time.obj
 0005:00000160       __78F4D6C6_string@h        0000000140034160     extern.glfw:win32_time.obj
 0005:00000161       __1D5C983A_winnt@h         0000000140034161     extern.glfw:win32_time.obj
 0005:00000162       __3CD9AC13_winerror@h      0000000140034162     extern.glfw:win32_time.obj
 0005:00000163       __49821EBB_stralign@h      0000000140034163     extern.glfw:win32_time.obj
 0005:00000164       __6AAA6594_malloc@h        0000000140034164     extern.glfw:win32_time.obj
 0005:00000165       __0B0EAF54_win32_time@c    0000000140034165     extern.glfw:win32_time.obj
 0005:00000166       __7C512EE2_ctype@h         0000000140034166     extern.glfw:monitor.obj
 0005:00000167       __5BEBA810_basetsd@h       0000000140034167     extern.glfw:monitor.obj
 0005:00000168       __07523DAF_corecrt_memcpy_s@h 0000000140034168     extern.glfw:monitor.obj
 0005:00000169       __9CE3A74D_corecrt_wstring@h 0000000140034169     extern.glfw:monitor.obj
 0005:0000016a       __78F4D6C6_string@h        000000014003416a     extern.glfw:monitor.obj
 0005:0000016b       __1D5C983A_winnt@h         000000014003416b     extern.glfw:monitor.obj
 0005:0000016c       __3CD9AC13_winerror@h      000000014003416c     extern.glfw:monitor.obj
 0005:0000016d       __49821EBB_stralign@h      000000014003416d     extern.glfw:monitor.obj
 0005:0000016e       __6AAA6594_malloc@h        000000014003416e     extern.glfw:monitor.obj
 0005:0000016f       __EDC08FAA_corecrt_math@h  000000014003416f     extern.glfw:monitor.obj
 0005:00000170       __C7336139_monitor@c       0000000140034170     extern.glfw:monitor.obj
 0005:00000171       __7C512EE2_ctype@h         0000000140034171     extern.glfw:vulkan.obj
 0005:00000172       __5BEBA810_basetsd@h       0000000140034172     extern.glfw:vulkan.obj
 0005:00000173       __07523DAF_corecrt_memcpy_s@h 0000000140034173     extern.glfw:vulkan.obj
 0005:00000174       __9CE3A74D_corecrt_wstring@h 0000000140034174     extern.glfw:vulkan.obj
 0005:00000175       __78F4D6C6_string@h        0000000140034175     extern.glfw:vulkan.obj
 0005:00000176       __1D5C983A_winnt@h         0000000140034176     extern.glfw:vulkan.obj
 0005:00000177       __3CD9AC13_winerror@h      0000000140034177     extern.glfw:vulkan.obj
 0005:00000178       __49821EBB_stralign@h      0000000140034178     extern.glfw:vulkan.obj
 0005:00000179       __6AAA6594_malloc@h        0000000140034179     extern.glfw:vulkan.obj
 0005:0000017a       __49D87361_vulkan@c        000000014003417a     extern.glfw:vulkan.obj
 0005:0000017b       __7C512EE2_ctype@h         000000014003417b     extern.glfw:win32_window.obj
 0005:0000017c       __5BEBA810_basetsd@h       000000014003417c     extern.glfw:win32_window.obj
 0005:0000017d       __07523DAF_corecrt_memcpy_s@h 000000014003417d     extern.glfw:win32_window.obj
 0005:0000017e       __9CE3A74D_corecrt_wstring@h 000000014003417e     extern.glfw:win32_window.obj
 0005:0000017f       __78F4D6C6_string@h        000000014003417f     extern.glfw:win32_window.obj
 0005:00000180       __1D5C983A_winnt@h         0000000140034180     extern.glfw:win32_window.obj
 0005:00000181       __3CD9AC13_winerror@h      0000000140034181     extern.glfw:win32_window.obj
 0005:00000182       __49821EBB_stralign@h      0000000140034182     extern.glfw:win32_window.obj
 0005:00000183       __6AAA6594_malloc@h        0000000140034183     extern.glfw:win32_window.obj
 0005:00000184       __4AFE7CE0_win32_window@c  0000000140034184     extern.glfw:win32_window.obj
 0005:00000185       __7C512EE2_ctype@h         0000000140034185     extern.glfw:win32_tls.obj
 0005:00000186       __5BEBA810_basetsd@h       0000000140034186     extern.glfw:win32_tls.obj
 0005:00000187       __07523DAF_corecrt_memcpy_s@h 0000000140034187     extern.glfw:win32_tls.obj
 0005:00000188       __9CE3A74D_corecrt_wstring@h 0000000140034188     extern.glfw:win32_tls.obj
 0005:00000189       __78F4D6C6_string@h        0000000140034189     extern.glfw:win32_tls.obj
 0005:0000018a       __1D5C983A_winnt@h         000000014003418a     extern.glfw:win32_tls.obj
 0005:0000018b       __3CD9AC13_winerror@h      000000014003418b     extern.glfw:win32_tls.obj
 0005:0000018c       __49821EBB_stralign@h      000000014003418c     extern.glfw:win32_tls.obj
 0005:0000018d       __6AAA6594_malloc@h        000000014003418d     extern.glfw:win32_tls.obj
 0005:0000018e       __EFF6A007_win32_tls@c     000000014003418e     extern.glfw:win32_tls.obj
 0005:0000018f       __7C512EE2_ctype@h         000000014003418f     extern.glfw:win32_joystick.obj
 0005:00000190       __5BEBA810_basetsd@h       0000000140034190     extern.glfw:win32_joystick.obj
 0005:00000191       __07523DAF_corecrt_memcpy_s@h 0000000140034191     extern.glfw:win32_joystick.obj
 0005:00000192       __9CE3A74D_corecrt_wstring@h 0000000140034192     extern.glfw:win32_joystick.obj
 0005:00000193       __78F4D6C6_string@h        0000000140034193     extern.glfw:win32_joystick.obj
 0005:00000194       __1D5C983A_winnt@h         0000000140034194     extern.glfw:win32_joystick.obj
 0005:00000195       __3CD9AC13_winerror@h      0000000140034195     extern.glfw:win32_joystick.obj
 0005:00000196       __49821EBB_stralign@h      0000000140034196     extern.glfw:win32_joystick.obj
 0005:00000197       __6AAA6594_malloc@h        0000000140034197     extern.glfw:win32_joystick.obj
 0005:00000198       __EDC08FAA_corecrt_math@h  0000000140034198     extern.glfw:win32_joystick.obj
 0005:00000199       __7C905E88_win32_joystick@c 0000000140034199     extern.glfw:win32_joystick.obj
 0005:0000019a       __7C512EE2_ctype@h         000000014003419a     extern.glfw:wgl_context.obj
 0005:0000019b       __5BEBA810_basetsd@h       000000014003419b     extern.glfw:wgl_context.obj
 0005:0000019c       __07523DAF_corecrt_memcpy_s@h 000000014003419c     extern.glfw:wgl_context.obj
 0005:0000019d       __9CE3A74D_corecrt_wstring@h 000000014003419d     extern.glfw:wgl_context.obj
 0005:0000019e       __78F4D6C6_string@h        000000014003419e     extern.glfw:wgl_context.obj
 0005:0000019f       __1D5C983A_winnt@h         000000014003419f     extern.glfw:wgl_context.obj
 0005:000001a0       __3CD9AC13_winerror@h      00000001400341a0     extern.glfw:wgl_context.obj
 0005:000001a1       __49821EBB_stralign@h      00000001400341a1     extern.glfw:wgl_context.obj
 0005:000001a2       __6AAA6594_malloc@h        00000001400341a2     extern.glfw:wgl_context.obj
 0005:000001a3       __E8CDAFA1_wgl_context@c   00000001400341a3     extern.glfw:wgl_context.obj
 0005:000001a4       __7C512EE2_ctype@h         00000001400341a4     extern.glfw:egl_context.obj
 0005:000001a5       __5BEBA810_basetsd@h       00000001400341a5     extern.glfw:egl_context.obj
 0005:000001a6       __07523DAF_corecrt_memcpy_s@h 00000001400341a6     extern.glfw:egl_context.obj
 0005:000001a7       __9CE3A74D_corecrt_wstring@h 00000001400341a7     extern.glfw:egl_context.obj
 0005:000001a8       __78F4D6C6_string@h        00000001400341a8     extern.glfw:egl_context.obj
 0005:000001a9       __1D5C983A_winnt@h         00000001400341a9     extern.glfw:egl_context.obj
 0005:000001aa       __3CD9AC13_winerror@h      00000001400341aa     extern.glfw:egl_context.obj
 0005:000001ab       __49821EBB_stralign@h      00000001400341ab     extern.glfw:egl_context.obj
 0005:000001ac       __6AAA6594_malloc@h        00000001400341ac     extern.glfw:egl_context.obj
 0005:000001ad       __320E01E0_corecrt_stdio_config@h 00000001400341ad     extern.glfw:egl_context.obj
 0005:000001ae       __BAC7FC50_corecrt_wstdio@h 00000001400341ae     extern.glfw:egl_context.obj
 0005:000001af       __A3797CDC_stdio@h         00000001400341af     extern.glfw:egl_context.obj
 0005:000001b0       __3C96BC30_egl_context@c   00000001400341b0     extern.glfw:egl_context.obj
 0006:00000060       $R000000                   0000000140035060     * linker generated manifest res *
